   0.141428708s  INFO prepare_target{force=false package_id=web-api v0.1.0 (/private/tmp/erp-domain-crate-11-procurement/backend/apps/web-api) target="web_api"}: cargo::core::compiler::fingerprint: stale: changed "/private/tmp/erp-domain-crate-11-procurement/backend/crates/erp-procurement/src/entity/purchase_order/coverage_summary.rs"
   0.141441042s  INFO prepare_target{force=false package_id=web-api v0.1.0 (/private/tmp/erp-domain-crate-11-procurement/backend/apps/web-api) target="web_api"}: cargo::core::compiler::fingerprint:           (vs) "/Volumes/Kingston/erp-domain-crate-11-procurement-check/debug/.fingerprint/erp-procurement-895394e093ff530e/dep-lib-erp_procurement"
   0.141443250s  INFO prepare_target{force=false package_id=web-api v0.1.0 (/private/tmp/erp-domain-crate-11-procurement/backend/apps/web-api) target="web_api"}: cargo::core::compiler::fingerprint:                FileTime { seconds: 1788752215, nanos: 768602090 } < FileTime { seconds: 1788752219, nanos: 981786635 }
   0.146278000s  INFO prepare_target{force=false package_id=web-api v0.1.0 (/private/tmp/erp-domain-crate-11-procurement/backend/apps/web-api) target="web_api"}: cargo::core::compiler::fingerprint: fingerprint dirty for web-api v0.1.0 (/private/tmp/erp-domain-crate-11-procurement/backend/apps/web-api)/Check { test: false }/TargetInner { name_inferred: true, ..: lib_target("web_api", ["lib"], "/private/tmp/erp-domain-crate-11-procurement/backend/apps/web-api/src/lib.rs", Edition2021) }
   0.146291958s  INFO prepare_target{force=false package_id=web-api v0.1.0 (/private/tmp/erp-domain-crate-11-procurement/backend/apps/web-api) target="web_api"}: cargo::core::compiler::fingerprint:     dirty: FsStatusOutdated(StaleDepFingerprint { unit: UnitIndex(153) })
   0.157859208s  INFO prepare_target{force=false package_id=database v0.1.0 (/private/tmp/erp-domain-crate-11-procurement/backend/database) target="database"}: cargo::core::compiler::fingerprint: fingerprint dirty for database v0.1.0 (/private/tmp/erp-domain-crate-11-procurement/backend/database)/Check { test: false }/TargetInner { name_inferred: true, ..: lib_target("database", ["lib"], "/private/tmp/erp-domain-crate-11-procurement/backend/database/src/lib.rs", Edition2021) }
   0.157870875s  INFO prepare_target{force=false package_id=database v0.1.0 (/private/tmp/erp-domain-crate-11-procurement/backend/database) target="database"}: cargo::core::compiler::fingerprint:     dirty: FsStatusOutdated(StaleDepFingerprint { unit: UnitIndex(153) })
   0.158782083s  INFO prepare_target{force=false package_id=entities v0.1.0 (/private/tmp/erp-domain-crate-11-procurement/backend/entities) target="entities"}: cargo::core::compiler::fingerprint: fingerprint dirty for entities v0.1.0 (/private/tmp/erp-domain-crate-11-procurement/backend/entities)/Check { test: false }/TargetInner { name_inferred: true, ..: lib_target("entities", ["lib"], "/private/tmp/erp-domain-crate-11-procurement/backend/entities/src/lib.rs", Edition2021) }
   0.158787583s  INFO prepare_target{force=false package_id=entities v0.1.0 (/private/tmp/erp-domain-crate-11-procurement/backend/entities) target="entities"}: cargo::core::compiler::fingerprint:     dirty: FsStatusOutdated(StaleDepFingerprint { unit: UnitIndex(153) })
   0.161333083s  INFO prepare_target{force=false package_id=erp-procurement v0.1.0 (/private/tmp/erp-domain-crate-11-procurement/backend/crates/erp-procurement) target="erp_procurement"}: cargo::core::compiler::fingerprint: fingerprint dirty for erp-procurement v0.1.0 (/private/tmp/erp-domain-crate-11-procurement/backend/crates/erp-procurement)/Check { test: false }/TargetInner { name_inferred: true, ..: lib_target("erp_procurement", ["lib"], "/private/tmp/erp-domain-crate-11-procurement/backend/crates/erp-procurement/src/lib.rs", Edition2021) }
   0.161337792s  INFO prepare_target{force=false package_id=erp-procurement v0.1.0 (/private/tmp/erp-domain-crate-11-procurement/backend/crates/erp-procurement) target="erp_procurement"}: cargo::core::compiler::fingerprint:     dirty: FsStatusOutdated(StaleItem(ChangedFile { reference: "/Volumes/Kingston/erp-domain-crate-11-procurement-check/debug/.fingerprint/erp-procurement-895394e093ff530e/dep-lib-erp_procurement", reference_mtime: FileTime { seconds: 1788752215, nanos: 768602090 }, stale: "/private/tmp/erp-domain-crate-11-procurement/backend/crates/erp-procurement/src/entity/purchase_order/coverage_summary.rs", stale_mtime: FileTime { seconds: 1788752219, nanos: 981786635 } }))
   0.161770708s  INFO prepare_target{force=false package_id=erp-processes v0.1.0 (/private/tmp/erp-domain-crate-11-procurement/backend/crates/erp-processes) target="erp_processes"}: cargo::core::compiler::fingerprint: fingerprint dirty for erp-processes v0.1.0 (/private/tmp/erp-domain-crate-11-procurement/backend/crates/erp-processes)/Check { test: false }/TargetInner { name_inferred: true, ..: lib_target("erp_processes", ["lib"], "/private/tmp/erp-domain-crate-11-procurement/backend/crates/erp-processes/src/lib.rs", Edition2021) }
   0.161774917s  INFO prepare_target{force=false package_id=erp-processes v0.1.0 (/private/tmp/erp-domain-crate-11-procurement/backend/crates/erp-processes) target="erp_processes"}: cargo::core::compiler::fingerprint:     dirty: FsStatusOutdated(StaleDepFingerprint { unit: UnitIndex(153) })
   0.162058458s  INFO prepare_target{force=false package_id=erp-read-models v0.1.0 (/private/tmp/erp-domain-crate-11-procurement/backend/crates/erp-read-models) target="erp_read_models"}: cargo::core::compiler::fingerprint: fingerprint dirty for erp-read-models v0.1.0 (/private/tmp/erp-domain-crate-11-procurement/backend/crates/erp-read-models)/Check { test: false }/TargetInner { name_inferred: true, ..: lib_target("erp_read_models", ["lib"], "/private/tmp/erp-domain-crate-11-procurement/backend/crates/erp-read-models/src/lib.rs", Edition2021) }
   0.162061833s  INFO prepare_target{force=false package_id=erp-read-models v0.1.0 (/private/tmp/erp-domain-crate-11-procurement/backend/crates/erp-read-models) target="erp_read_models"}: cargo::core::compiler::fingerprint:     dirty: FsStatusOutdated(StaleDepFingerprint { unit: UnitIndex(153) })
   0.162326875s  INFO prepare_target{force=false package_id=services v0.1.0 (/private/tmp/erp-domain-crate-11-procurement/backend/services) target="services"}: cargo::core::compiler::fingerprint: fingerprint dirty for services v0.1.0 (/private/tmp/erp-domain-crate-11-procurement/backend/services)/Check { test: false }/TargetInner { name_inferred: true, ..: lib_target("services", ["lib"], "/private/tmp/erp-domain-crate-11-procurement/backend/services/src/lib.rs", Edition2021) }
   0.162330708s  INFO prepare_target{force=false package_id=services v0.1.0 (/private/tmp/erp-domain-crate-11-procurement/backend/services) target="services"}: cargo::core::compiler::fingerprint:     dirty: FsStatusOutdated(StaleDepFingerprint { unit: UnitIndex(153) })
   0.165141000s  INFO prepare_target{force=false package_id=web-api v0.1.0 (/private/tmp/erp-domain-crate-11-procurement/backend/apps/web-api) target="web-api"}: cargo::core::compiler::fingerprint: fingerprint dirty for web-api v0.1.0 (/private/tmp/erp-domain-crate-11-procurement/backend/apps/web-api)/Check { test: false }/TargetInner { name: "web-api", doc: true, ..: with_path("/private/tmp/erp-domain-crate-11-procurement/backend/apps/web-api/src/main.rs", Edition2021) }
   0.165145333s  INFO prepare_target{force=false package_id=web-api v0.1.0 (/private/tmp/erp-domain-crate-11-procurement/backend/apps/web-api) target="web-api"}: cargo::core::compiler::fingerprint:     dirty: FsStatusOutdated(StaleDepFingerprint { unit: UnitIndex(153) })
    Checking erp-procurement v0.1.0 (/private/tmp/erp-domain-crate-11-procurement/backend/crates/erp-procurement)
    Checking entities v0.1.0 (/private/tmp/erp-domain-crate-11-procurement/backend/entities)
    Checking database v0.1.0 (/private/tmp/erp-domain-crate-11-procurement/backend/database)
    Checking services v0.1.0 (/private/tmp/erp-domain-crate-11-procurement/backend/services)
    Checking erp-read-models v0.1.0 (/private/tmp/erp-domain-crate-11-procurement/backend/crates/erp-read-models)
    Checking erp-processes v0.1.0 (/private/tmp/erp-domain-crate-11-procurement/backend/crates/erp-processes)
    Checking web-api v0.1.0 (/private/tmp/erp-domain-crate-11-procurement/backend/apps/web-api)
      Timing report saved to /Volumes/Kingston/erp-domain-crate-11-procurement-check/cargo-timings/cargo-timing-20260907T033700005Z-3dbf767249d3612f.html
    Finished `dev` profile [unoptimized + debuginfo] target(s) in 4.42s
warning: the following packages contain code that will be rejected by a future version of Rust: proc-macro-error2 v2.0.1
note: to see what the problems were, use the option `--future-incompat-report`, or run `cargo report future-incompatibilities --id 1`
