    Checking entity-core v0.1.0 (/private/tmp/erp-domain-crate-14-integration/backend/crates/entity-core)
   Compiling entity-macros v0.1.0 (/private/tmp/erp-domain-crate-14-integration/backend/crates/entity-macros)
    Checking config v0.1.0 (/private/tmp/erp-domain-crate-14-integration/backend/config)
   Compiling web-api v0.1.0 (/private/tmp/erp-domain-crate-14-integration/backend/apps/web-api)
   Compiling permission-macros v0.1.0 (/private/tmp/erp-domain-crate-14-integration/backend/crates/permission-macros)
    Checking storage v0.1.0 (/private/tmp/erp-domain-crate-14-integration/backend/crates/storage)
    Checking persistence-core v0.1.0 (/private/tmp/erp-domain-crate-14-integration/backend/crates/persistence-core)
    Checking erp-core v0.1.0 (/private/tmp/erp-domain-crate-14-integration/backend/crates/erp-core)
    Checking bpm v0.1.0 (/private/tmp/erp-domain-crate-14-integration/backend/crates/bpm)
    Checking id-generator v0.1.0 (/private/tmp/erp-domain-crate-14-integration/backend/crates/id-generator)
    Checking application-core v0.1.0 (/private/tmp/erp-domain-crate-14-integration/backend/crates/application-core)
    Checking erp-audit v0.1.0 (/private/tmp/erp-domain-crate-14-integration/backend/crates/erp-audit)
    Checking erp-sales v0.1.0 (/private/tmp/erp-domain-crate-14-integration/backend/crates/erp-sales)
    Checking erp-integration v0.1.0 (/private/tmp/erp-domain-crate-14-integration/backend/crates/erp-integration)
    Checking erp-customer v0.1.0 (/private/tmp/erp-domain-crate-14-integration/backend/crates/erp-customer)
    Checking erp-warehouse v0.1.0 (/private/tmp/erp-domain-crate-14-integration/backend/crates/erp-warehouse)
    Checking erp-identity v0.1.0 (/private/tmp/erp-domain-crate-14-integration/backend/crates/erp-identity)
    Checking erp-procurement v0.1.0 (/private/tmp/erp-domain-crate-14-integration/backend/crates/erp-procurement)
    Checking erp-catalog v0.1.0 (/private/tmp/erp-domain-crate-14-integration/backend/crates/erp-catalog)
    Checking erp-supplier v0.1.0 (/private/tmp/erp-domain-crate-14-integration/backend/crates/erp-supplier)
    Checking erp-inventory v0.1.0 (/private/tmp/erp-domain-crate-14-integration/backend/crates/erp-inventory)
    Checking erp-fulfillment v0.1.0 (/private/tmp/erp-domain-crate-14-integration/backend/crates/erp-fulfillment)
    Checking erp-workflow v0.1.0 (/private/tmp/erp-domain-crate-14-integration/backend/crates/erp-workflow)
    Checking erp-returns v0.1.0 (/private/tmp/erp-domain-crate-14-integration/backend/crates/erp-returns)
    Checking erp-contract v0.1.0 (/private/tmp/erp-domain-crate-14-integration/backend/crates/erp-contract)
    Checking erp-support v0.1.0 (/private/tmp/erp-domain-crate-14-integration/backend/crates/erp-support)
    Checking erp-party v0.1.0 (/private/tmp/erp-domain-crate-14-integration/backend/crates/erp-party)
    Checking erp-finance v0.1.0 (/private/tmp/erp-domain-crate-14-integration/backend/crates/erp-finance)
    Checking erp-import v0.1.0 (/private/tmp/erp-domain-crate-14-integration/backend/crates/erp-import)
    Checking entities v0.1.0 (/private/tmp/erp-domain-crate-14-integration/backend/entities)
    Checking database v0.1.0 (/private/tmp/erp-domain-crate-14-integration/backend/database)
    Checking test-support v0.1.0 (/private/tmp/erp-domain-crate-14-integration/backend/crates/test-support)
    Checking services v0.1.0 (/private/tmp/erp-domain-crate-14-integration/backend/services)
    Checking erp-read-models v0.1.0 (/private/tmp/erp-domain-crate-14-integration/backend/crates/erp-read-models)
    Checking cli v0.1.0 (/private/tmp/erp-domain-crate-14-integration/backend/apps/cli)
    Checking erp-processes v0.1.0 (/private/tmp/erp-domain-crate-14-integration/backend/crates/erp-processes)
    Finished `dev` profile [unoptimized + debuginfo] target(s) in 49.33s
warning: the following packages contain code that will be rejected by a future version of Rust: proc-macro-error2 v2.0.1
note: to see what the problems were, use the option `--future-incompat-report`, or run `cargo report future-incompatibilities --id 1`
