   0.150851250s  INFO prepare_target{force=false package_id=web-api v0.1.0 (/private/tmp/erp-domain-crate-10-sales/backend/apps/web-api) target="web_api"}: cargo::core::compiler::fingerprint: stale: changed "/private/tmp/erp-domain-crate-10-sales/backend/crates/erp-sales/src/service/sales_order/command/identity.rs"
   0.150866042s  INFO prepare_target{force=false package_id=web-api v0.1.0 (/private/tmp/erp-domain-crate-10-sales/backend/apps/web-api) target="web_api"}: cargo::core::compiler::fingerprint:           (vs) "/Volumes/Kingston/erp-domain-crate-10-final-sales-check/debug/.fingerprint/erp-sales-d66c81e7f72f3d7d/dep-lib-erp_sales"
   0.150868000s  INFO prepare_target{force=false package_id=web-api v0.1.0 (/private/tmp/erp-domain-crate-10-sales/backend/apps/web-api) target="web_api"}: cargo::core::compiler::fingerprint:                FileTime { seconds: 1788749644, nanos: 202717404 } < FileTime { seconds: 1788749649, nanos: 178098112 }
   0.155421917s  INFO prepare_target{force=false package_id=web-api v0.1.0 (/private/tmp/erp-domain-crate-10-sales/backend/apps/web-api) target="web_api"}: cargo::core::compiler::fingerprint: fingerprint dirty for web-api v0.1.0 (/private/tmp/erp-domain-crate-10-sales/backend/apps/web-api)/Check { test: false }/TargetInner { name_inferred: true, ..: lib_target("web_api", ["lib"], "/private/tmp/erp-domain-crate-10-sales/backend/apps/web-api/src/lib.rs", Edition2021) }
   0.155437917s  INFO prepare_target{force=false package_id=web-api v0.1.0 (/private/tmp/erp-domain-crate-10-sales/backend/apps/web-api) target="web_api"}: cargo::core::compiler::fingerprint:     dirty: FsStatusOutdated(StaleDepFingerprint { unit: UnitIndex(154) })
   0.167688000s  INFO prepare_target{force=false package_id=database v0.1.0 (/private/tmp/erp-domain-crate-10-sales/backend/database) target="database"}: cargo::core::compiler::fingerprint: fingerprint dirty for database v0.1.0 (/private/tmp/erp-domain-crate-10-sales/backend/database)/Check { test: false }/TargetInner { name_inferred: true, ..: lib_target("database", ["lib"], "/private/tmp/erp-domain-crate-10-sales/backend/database/src/lib.rs", Edition2021) }
   0.167700375s  INFO prepare_target{force=false package_id=database v0.1.0 (/private/tmp/erp-domain-crate-10-sales/backend/database) target="database"}: cargo::core::compiler::fingerprint:     dirty: FsStatusOutdated(StaleDepFingerprint { unit: UnitIndex(154) })
   0.168625500s  INFO prepare_target{force=false package_id=entities v0.1.0 (/private/tmp/erp-domain-crate-10-sales/backend/entities) target="entities"}: cargo::core::compiler::fingerprint: fingerprint dirty for entities v0.1.0 (/private/tmp/erp-domain-crate-10-sales/backend/entities)/Check { test: false }/TargetInner { name_inferred: true, ..: lib_target("entities", ["lib"], "/private/tmp/erp-domain-crate-10-sales/backend/entities/src/lib.rs", Edition2021) }
   0.168630542s  INFO prepare_target{force=false package_id=entities v0.1.0 (/private/tmp/erp-domain-crate-10-sales/backend/entities) target="entities"}: cargo::core::compiler::fingerprint:     dirty: FsStatusOutdated(StaleDepFingerprint { unit: UnitIndex(154) })
   0.171236209s  INFO prepare_target{force=false package_id=erp-sales v0.1.0 (/private/tmp/erp-domain-crate-10-sales/backend/crates/erp-sales) target="erp_sales"}: cargo::core::compiler::fingerprint: fingerprint dirty for erp-sales v0.1.0 (/private/tmp/erp-domain-crate-10-sales/backend/crates/erp-sales)/Check { test: false }/TargetInner { name_inferred: true, ..: lib_target("erp_sales", ["lib"], "/private/tmp/erp-domain-crate-10-sales/backend/crates/erp-sales/src/lib.rs", Edition2021) }
   0.171240500s  INFO prepare_target{force=false package_id=erp-sales v0.1.0 (/private/tmp/erp-domain-crate-10-sales/backend/crates/erp-sales) target="erp_sales"}: cargo::core::compiler::fingerprint:     dirty: FsStatusOutdated(StaleItem(ChangedFile { reference: "/Volumes/Kingston/erp-domain-crate-10-final-sales-check/debug/.fingerprint/erp-sales-d66c81e7f72f3d7d/dep-lib-erp_sales", reference_mtime: FileTime { seconds: 1788749644, nanos: 202717404 }, stale: "/private/tmp/erp-domain-crate-10-sales/backend/crates/erp-sales/src/service/sales_order/command/identity.rs", stale_mtime: FileTime { seconds: 1788749649, nanos: 178098112 } }))
   0.171764125s  INFO prepare_target{force=false package_id=erp-processes v0.1.0 (/private/tmp/erp-domain-crate-10-sales/backend/crates/erp-processes) target="erp_processes"}: cargo::core::compiler::fingerprint: fingerprint dirty for erp-processes v0.1.0 (/private/tmp/erp-domain-crate-10-sales/backend/crates/erp-processes)/Check { test: false }/TargetInner { name_inferred: true, ..: lib_target("erp_processes", ["lib"], "/private/tmp/erp-domain-crate-10-sales/backend/crates/erp-processes/src/lib.rs", Edition2021) }
   0.171771167s  INFO prepare_target{force=false package_id=erp-processes v0.1.0 (/private/tmp/erp-domain-crate-10-sales/backend/crates/erp-processes) target="erp_processes"}: cargo::core::compiler::fingerprint:     dirty: FsStatusOutdated(StaleDepFingerprint { unit: UnitIndex(154) })
   0.172070292s  INFO prepare_target{force=false package_id=erp-read-models v0.1.0 (/private/tmp/erp-domain-crate-10-sales/backend/crates/erp-read-models) target="erp_read_models"}: cargo::core::compiler::fingerprint: fingerprint dirty for erp-read-models v0.1.0 (/private/tmp/erp-domain-crate-10-sales/backend/crates/erp-read-models)/Check { test: false }/TargetInner { name_inferred: true, ..: lib_target("erp_read_models", ["lib"], "/private/tmp/erp-domain-crate-10-sales/backend/crates/erp-read-models/src/lib.rs", Edition2021) }
   0.172075500s  INFO prepare_target{force=false package_id=erp-read-models v0.1.0 (/private/tmp/erp-domain-crate-10-sales/backend/crates/erp-read-models) target="erp_read_models"}: cargo::core::compiler::fingerprint:     dirty: FsStatusOutdated(StaleDepFingerprint { unit: UnitIndex(154) })
   0.172341875s  INFO prepare_target{force=false package_id=services v0.1.0 (/private/tmp/erp-domain-crate-10-sales/backend/services) target="services"}: cargo::core::compiler::fingerprint: fingerprint dirty for services v0.1.0 (/private/tmp/erp-domain-crate-10-sales/backend/services)/Check { test: false }/TargetInner { name_inferred: true, ..: lib_target("services", ["lib"], "/private/tmp/erp-domain-crate-10-sales/backend/services/src/lib.rs", Edition2021) }
   0.172346667s  INFO prepare_target{force=false package_id=services v0.1.0 (/private/tmp/erp-domain-crate-10-sales/backend/services) target="services"}: cargo::core::compiler::fingerprint:     dirty: FsStatusOutdated(StaleDepFingerprint { unit: UnitIndex(154) })
   0.175403209s  INFO prepare_target{force=false package_id=web-api v0.1.0 (/private/tmp/erp-domain-crate-10-sales/backend/apps/web-api) target="web-api"}: cargo::core::compiler::fingerprint: fingerprint dirty for web-api v0.1.0 (/private/tmp/erp-domain-crate-10-sales/backend/apps/web-api)/Check { test: false }/TargetInner { name: "web-api", doc: true, ..: with_path("/private/tmp/erp-domain-crate-10-sales/backend/apps/web-api/src/main.rs", Edition2021) }
   0.175408209s  INFO prepare_target{force=false package_id=web-api v0.1.0 (/private/tmp/erp-domain-crate-10-sales/backend/apps/web-api) target="web-api"}: cargo::core::compiler::fingerprint:     dirty: FsStatusOutdated(StaleDepFingerprint { unit: UnitIndex(154) })
    Checking erp-sales v0.1.0 (/private/tmp/erp-domain-crate-10-sales/backend/crates/erp-sales)
    Checking entities v0.1.0 (/private/tmp/erp-domain-crate-10-sales/backend/entities)
    Checking database v0.1.0 (/private/tmp/erp-domain-crate-10-sales/backend/database)
    Checking services v0.1.0 (/private/tmp/erp-domain-crate-10-sales/backend/services)
    Checking erp-read-models v0.1.0 (/private/tmp/erp-domain-crate-10-sales/backend/crates/erp-read-models)
    Checking erp-processes v0.1.0 (/private/tmp/erp-domain-crate-10-sales/backend/crates/erp-processes)
    Checking web-api v0.1.0 (/private/tmp/erp-domain-crate-10-sales/backend/apps/web-api)
      Timing report saved to /Volumes/Kingston/erp-domain-crate-10-final-sales-check/cargo-timings/cargo-timing-20260907T025409206Z-eecd458fd5fdd7ab.html
    Finished `dev` profile [unoptimized + debuginfo] target(s) in 4.98s
warning: the following packages contain code that will be rejected by a future version of Rust: proc-macro-error2 v2.0.1
note: to see what the problems were, use the option `--future-incompat-report`, or run `cargo report future-incompatibilities --id 1`
