重新构建 web-api 以生成权限定义…
    Blocking waiting for file lock on package cache
   Compiling erp-core v0.1.0 (/private/tmp/erp-domain-crate-09-finance/backend/crates/erp-core)
   Compiling persistence-core v0.1.0 (/private/tmp/erp-domain-crate-09-finance/backend/crates/persistence-core)
   Compiling storage v0.1.0 (/private/tmp/erp-domain-crate-09-finance/backend/crates/storage)
   Compiling config v0.1.0 (/private/tmp/erp-domain-crate-09-finance/backend/config)
   Compiling application-core v0.1.0 (/private/tmp/erp-domain-crate-09-finance/backend/crates/application-core)
   Compiling id-generator v0.1.0 (/private/tmp/erp-domain-crate-09-finance/backend/crates/id-generator)
   Compiling erp-supplier v0.1.0 (/private/tmp/erp-domain-crate-09-finance/backend/crates/erp-supplier)
   Compiling erp-support v0.1.0 (/private/tmp/erp-domain-crate-09-finance/backend/crates/erp-support)
   Compiling erp-catalog v0.1.0 (/private/tmp/erp-domain-crate-09-finance/backend/crates/erp-catalog)
   Compiling erp-party v0.1.0 (/private/tmp/erp-domain-crate-09-finance/backend/crates/erp-party)
   Compiling erp-warehouse v0.1.0 (/private/tmp/erp-domain-crate-09-finance/backend/crates/erp-warehouse)
   Compiling erp-contract v0.1.0 (/private/tmp/erp-domain-crate-09-finance/backend/crates/erp-contract)
   Compiling erp-identity v0.1.0 (/private/tmp/erp-domain-crate-09-finance/backend/crates/erp-identity)
   Compiling erp-audit v0.1.0 (/private/tmp/erp-domain-crate-09-finance/backend/crates/erp-audit)
   Compiling erp-workflow v0.1.0 (/private/tmp/erp-domain-crate-09-finance/backend/crates/erp-workflow)
   Compiling erp-customer v0.1.0 (/private/tmp/erp-domain-crate-09-finance/backend/crates/erp-customer)
   Compiling erp-inventory v0.1.0 (/private/tmp/erp-domain-crate-09-finance/backend/crates/erp-inventory)
   Compiling erp-finance v0.1.0 (/private/tmp/erp-domain-crate-09-finance/backend/crates/erp-finance)
   Compiling erp-import v0.1.0 (/private/tmp/erp-domain-crate-09-finance/backend/crates/erp-import)
   Compiling entities v0.1.0 (/private/tmp/erp-domain-crate-09-finance/backend/entities)
   Compiling database v0.1.0 (/private/tmp/erp-domain-crate-09-finance/backend/database)
   Compiling services v0.1.0 (/private/tmp/erp-domain-crate-09-finance/backend/services)
   Compiling erp-read-models v0.1.0 (/private/tmp/erp-domain-crate-09-finance/backend/crates/erp-read-models)
   Compiling erp-processes v0.1.0 (/private/tmp/erp-domain-crate-09-finance/backend/crates/erp-processes)
   Compiling web-api v0.1.0 (/private/tmp/erp-domain-crate-09-finance/backend/apps/web-api)
warning: linker stderr: ld: __eh_frame section too large (max 16MB) to encode dwarf unwind offsets in compact unwind table, performance of exception handling might be affected
  |
  = note: `#[warn(linker_messages)]` on by default

warning: `web-api` (bin "web-api") generated 1 warning
    Finished `dev` profile [unoptimized + debuginfo] target(s) in 1m 29s
warning: the following packages contain code that will be rejected by a future version of Rust: proc-macro-error2 v2.0.1
note: to see what the problems were, use the option `--future-incompat-report`, or run `cargo report future-incompatibilities --id 1`
检查生成物: /private/tmp/erp-domain-crate-09-finance/erp-client/lib/permissions.generated.ts
权限生成物无漂移。
