   0.139063709s  INFO prepare_target{force=false package_id=web-api v0.1.0 (/private/tmp/erp-domain-crate-11-procurement/backend/apps/web-api) target="web_api"}: cargo::core::compiler::fingerprint: stale: changed "/private/tmp/erp-domain-crate-11-procurement/backend/crates/erp-procurement/src/entity/purchase_order/coverage_summary.rs"
   0.139077209s  INFO prepare_target{force=false package_id=web-api v0.1.0 (/private/tmp/erp-domain-crate-11-procurement/backend/apps/web-api) target="web_api"}: cargo::core::compiler::fingerprint:           (vs) "/Volumes/Kingston/erp-domain-crate-11-procurement-check/debug/.fingerprint/erp-procurement-895394e093ff530e/dep-lib-erp_procurement"
   0.139079417s  INFO prepare_target{force=false package_id=web-api v0.1.0 (/private/tmp/erp-domain-crate-11-procurement/backend/apps/web-api) target="web_api"}: cargo::core::compiler::fingerprint:                FileTime { seconds: 1788752202, nanos: 566006659 } < FileTime { seconds: 1788752206, nanos: 767763267 }
   0.143767834s  INFO prepare_target{force=false package_id=web-api v0.1.0 (/private/tmp/erp-domain-crate-11-procurement/backend/apps/web-api) target="web_api"}: cargo::core::compiler::fingerprint: fingerprint dirty for web-api v0.1.0 (/private/tmp/erp-domain-crate-11-procurement/backend/apps/web-api)/Check { test: false }/TargetInner { name_inferred: true, ..: lib_target("web_api", ["lib"], "/private/tmp/erp-domain-crate-11-procurement/backend/apps/web-api/src/lib.rs", Edition2021) }
   0.143776917s  INFO prepare_target{force=false package_id=web-api v0.1.0 (/private/tmp/erp-domain-crate-11-procurement/backend/apps/web-api) target="web_api"}: cargo::core::compiler::fingerprint:     dirty: FsStatusOutdated(StaleDepFingerprint { unit: UnitIndex(153) })
   0.155295750s  INFO prepare_target{force=false package_id=database v0.1.0 (/private/tmp/erp-domain-crate-11-procurement/backend/database) target="database"}: cargo::core::compiler::fingerprint: fingerprint dirty for database v0.1.0 (/private/tmp/erp-domain-crate-11-procurement/backend/database)/Check { test: false }/TargetInner { name_inferred: true, ..: lib_target("database", ["lib"], "/private/tmp/erp-domain-crate-11-procurement/backend/database/src/lib.rs", Edition2021) }
   0.155302417s  INFO prepare_target{force=false package_id=database v0.1.0 (/private/tmp/erp-domain-crate-11-procurement/backend/database) target="database"}: cargo::core::compiler::fingerprint:     dirty: FsStatusOutdated(StaleDepFingerprint { unit: UnitIndex(153) })
   0.156067917s  INFO prepare_target{force=false package_id=entities v0.1.0 (/private/tmp/erp-domain-crate-11-procurement/backend/entities) target="entities"}: cargo::core::compiler::fingerprint: fingerprint dirty for entities v0.1.0 (/private/tmp/erp-domain-crate-11-procurement/backend/entities)/Check { test: false }/TargetInner { name_inferred: true, ..: lib_target("entities", ["lib"], "/private/tmp/erp-domain-crate-11-procurement/backend/entities/src/lib.rs", Edition2021) }
   0.156072042s  INFO prepare_target{force=false package_id=entities v0.1.0 (/private/tmp/erp-domain-crate-11-procurement/backend/entities) target="entities"}: cargo::core::compiler::fingerprint:     dirty: FsStatusOutdated(StaleDepFingerprint { unit: UnitIndex(153) })
   0.158554125s  INFO prepare_target{force=false package_id=erp-procurement v0.1.0 (/private/tmp/erp-domain-crate-11-procurement/backend/crates/erp-procurement) target="erp_procurement"}: cargo::core::compiler::fingerprint: fingerprint dirty for erp-procurement v0.1.0 (/private/tmp/erp-domain-crate-11-procurement/backend/crates/erp-procurement)/Check { test: false }/TargetInner { name_inferred: true, ..: lib_target("erp_procurement", ["lib"], "/private/tmp/erp-domain-crate-11-procurement/backend/crates/erp-procurement/src/lib.rs", Edition2021) }
   0.158558542s  INFO prepare_target{force=false package_id=erp-procurement v0.1.0 (/private/tmp/erp-domain-crate-11-procurement/backend/crates/erp-procurement) target="erp_procurement"}: cargo::core::compiler::fingerprint:     dirty: FsStatusOutdated(StaleItem(ChangedFile { reference: "/Volumes/Kingston/erp-domain-crate-11-procurement-check/debug/.fingerprint/erp-procurement-895394e093ff530e/dep-lib-erp_procurement", reference_mtime: FileTime { seconds: 1788752202, nanos: 566006659 }, stale: "/private/tmp/erp-domain-crate-11-procurement/backend/crates/erp-procurement/src/entity/purchase_order/coverage_summary.rs", stale_mtime: FileTime { seconds: 1788752206, nanos: 767763267 } }))
   0.158974709s  INFO prepare_target{force=false package_id=erp-processes v0.1.0 (/private/tmp/erp-domain-crate-11-procurement/backend/crates/erp-processes) target="erp_processes"}: cargo::core::compiler::fingerprint: fingerprint dirty for erp-processes v0.1.0 (/private/tmp/erp-domain-crate-11-procurement/backend/crates/erp-processes)/Check { test: false }/TargetInner { name_inferred: true, ..: lib_target("erp_processes", ["lib"], "/private/tmp/erp-domain-crate-11-procurement/backend/crates/erp-processes/src/lib.rs", Edition2021) }
   0.158978542s  INFO prepare_target{force=false package_id=erp-processes v0.1.0 (/private/tmp/erp-domain-crate-11-procurement/backend/crates/erp-processes) target="erp_processes"}: cargo::core::compiler::fingerprint:     dirty: FsStatusOutdated(StaleDepFingerprint { unit: UnitIndex(153) })
   0.159241417s  INFO prepare_target{force=false package_id=erp-read-models v0.1.0 (/private/tmp/erp-domain-crate-11-procurement/backend/crates/erp-read-models) target="erp_read_models"}: cargo::core::compiler::fingerprint: fingerprint dirty for erp-read-models v0.1.0 (/private/tmp/erp-domain-crate-11-procurement/backend/crates/erp-read-models)/Check { test: false }/TargetInner { name_inferred: true, ..: lib_target("erp_read_models", ["lib"], "/private/tmp/erp-domain-crate-11-procurement/backend/crates/erp-read-models/src/lib.rs", Edition2021) }
   0.159244709s  INFO prepare_target{force=false package_id=erp-read-models v0.1.0 (/private/tmp/erp-domain-crate-11-procurement/backend/crates/erp-read-models) target="erp_read_models"}: cargo::core::compiler::fingerprint:     dirty: FsStatusOutdated(StaleDepFingerprint { unit: UnitIndex(153) })
   0.159497917s  INFO prepare_target{force=false package_id=services v0.1.0 (/private/tmp/erp-domain-crate-11-procurement/backend/services) target="services"}: cargo::core::compiler::fingerprint: fingerprint dirty for services v0.1.0 (/private/tmp/erp-domain-crate-11-procurement/backend/services)/Check { test: false }/TargetInner { name_inferred: true, ..: lib_target("services", ["lib"], "/private/tmp/erp-domain-crate-11-procurement/backend/services/src/lib.rs", Edition2021) }
   0.159502500s  INFO prepare_target{force=false package_id=services v0.1.0 (/private/tmp/erp-domain-crate-11-procurement/backend/services) target="services"}: cargo::core::compiler::fingerprint:     dirty: FsStatusOutdated(StaleDepFingerprint { unit: UnitIndex(153) })
   0.162265709s  INFO prepare_target{force=false package_id=web-api v0.1.0 (/private/tmp/erp-domain-crate-11-procurement/backend/apps/web-api) target="web-api"}: cargo::core::compiler::fingerprint: fingerprint dirty for web-api v0.1.0 (/private/tmp/erp-domain-crate-11-procurement/backend/apps/web-api)/Check { test: false }/TargetInner { name: "web-api", doc: true, ..: with_path("/private/tmp/erp-domain-crate-11-procurement/backend/apps/web-api/src/main.rs", Edition2021) }
   0.162270542s  INFO prepare_target{force=false package_id=web-api v0.1.0 (/private/tmp/erp-domain-crate-11-procurement/backend/apps/web-api) target="web-api"}: cargo::core::compiler::fingerprint:     dirty: FsStatusOutdated(StaleDepFingerprint { unit: UnitIndex(153) })
    Checking erp-procurement v0.1.0 (/private/tmp/erp-domain-crate-11-procurement/backend/crates/erp-procurement)
    Checking entities v0.1.0 (/private/tmp/erp-domain-crate-11-procurement/backend/entities)
    Checking database v0.1.0 (/private/tmp/erp-domain-crate-11-procurement/backend/database)
    Checking services v0.1.0 (/private/tmp/erp-domain-crate-11-procurement/backend/services)
    Checking erp-read-models v0.1.0 (/private/tmp/erp-domain-crate-11-procurement/backend/crates/erp-read-models)
    Checking erp-processes v0.1.0 (/private/tmp/erp-domain-crate-11-procurement/backend/crates/erp-processes)
    Checking web-api v0.1.0 (/private/tmp/erp-domain-crate-11-procurement/backend/apps/web-api)
      Timing report saved to /Volumes/Kingston/erp-domain-crate-11-procurement-check/cargo-timings/cargo-timing-20260907T033646791Z-3dbf767249d3612f.html
    Finished `dev` profile [unoptimized + debuginfo] target(s) in 4.36s
warning: the following packages contain code that will be rejected by a future version of Rust: proc-macro-error2 v2.0.1
note: to see what the problems were, use the option `--future-incompat-report`, or run `cargo report future-incompatibilities --id 1`
