   0.141860250s  INFO prepare_target{force=false package_id=web-api v0.1.0 (/private/tmp/erp-domain-crate-09-finance/backend/apps/web-api) target="web_api"}: cargo::core::compiler::fingerprint: stale: changed "/private/tmp/erp-domain-crate-09-finance/backend/crates/erp-finance/src/service/receivable/mapping.rs"
   0.141874500s  INFO prepare_target{force=false package_id=web-api v0.1.0 (/private/tmp/erp-domain-crate-09-finance/backend/apps/web-api) target="web_api"}: cargo::core::compiler::fingerprint:           (vs) "/Volumes/Kingston/erp-domain-crate-09-final-finance-check/debug/.fingerprint/erp-finance-1fdbe466168affd0/dep-lib-erp_finance"
   0.141876500s  INFO prepare_target{force=false package_id=web-api v0.1.0 (/private/tmp/erp-domain-crate-09-finance/backend/apps/web-api) target="web_api"}: cargo::core::compiler::fingerprint:                FileTime { seconds: 1788746333, nanos: 457019530 } < FileTime { seconds: 1788746337, nanos: 631056720 }
   0.145113875s  INFO prepare_target{force=false package_id=web-api v0.1.0 (/private/tmp/erp-domain-crate-09-finance/backend/apps/web-api) target="web_api"}: cargo::core::compiler::fingerprint: fingerprint dirty for web-api v0.1.0 (/private/tmp/erp-domain-crate-09-finance/backend/apps/web-api)/Check { test: false }/TargetInner { name_inferred: true, ..: lib_target("web_api", ["lib"], "/private/tmp/erp-domain-crate-09-finance/backend/apps/web-api/src/lib.rs", Edition2021) }
   0.145124125s  INFO prepare_target{force=false package_id=web-api v0.1.0 (/private/tmp/erp-domain-crate-09-finance/backend/apps/web-api) target="web_api"}: cargo::core::compiler::fingerprint:     dirty: FsStatusOutdated(StaleDepFingerprint { unit: UnitIndex(392) })
   0.156274000s  INFO prepare_target{force=false package_id=database v0.1.0 (/private/tmp/erp-domain-crate-09-finance/backend/database) target="database"}: cargo::core::compiler::fingerprint: fingerprint dirty for database v0.1.0 (/private/tmp/erp-domain-crate-09-finance/backend/database)/Check { test: false }/TargetInner { name_inferred: true, ..: lib_target("database", ["lib"], "/private/tmp/erp-domain-crate-09-finance/backend/database/src/lib.rs", Edition2021) }
   0.156280542s  INFO prepare_target{force=false package_id=database v0.1.0 (/private/tmp/erp-domain-crate-09-finance/backend/database) target="database"}: cargo::core::compiler::fingerprint:     dirty: FsStatusOutdated(StaleDepFingerprint { unit: UnitIndex(147) })
   0.159579334s  INFO prepare_target{force=false package_id=erp-finance v0.1.0 (/private/tmp/erp-domain-crate-09-finance/backend/crates/erp-finance) target="erp_finance"}: cargo::core::compiler::fingerprint: fingerprint dirty for erp-finance v0.1.0 (/private/tmp/erp-domain-crate-09-finance/backend/crates/erp-finance)/Check { test: false }/TargetInner { name_inferred: true, ..: lib_target("erp_finance", ["lib"], "/private/tmp/erp-domain-crate-09-finance/backend/crates/erp-finance/src/lib.rs", Edition2021) }
   0.159589834s  INFO prepare_target{force=false package_id=erp-finance v0.1.0 (/private/tmp/erp-domain-crate-09-finance/backend/crates/erp-finance) target="erp_finance"}: cargo::core::compiler::fingerprint:     dirty: FsStatusOutdated(StaleItem(ChangedFile { reference: "/Volumes/Kingston/erp-domain-crate-09-final-finance-check/debug/.fingerprint/erp-finance-1fdbe466168affd0/dep-lib-erp_finance", reference_mtime: FileTime { seconds: 1788746333, nanos: 457019530 }, stale: "/private/tmp/erp-domain-crate-09-finance/backend/crates/erp-finance/src/service/receivable/mapping.rs", stale_mtime: FileTime { seconds: 1788746337, nanos: 631056720 } }))
   0.159955209s  INFO prepare_target{force=false package_id=erp-processes v0.1.0 (/private/tmp/erp-domain-crate-09-finance/backend/crates/erp-processes) target="erp_processes"}: cargo::core::compiler::fingerprint: fingerprint dirty for erp-processes v0.1.0 (/private/tmp/erp-domain-crate-09-finance/backend/crates/erp-processes)/Check { test: false }/TargetInner { name_inferred: true, ..: lib_target("erp_processes", ["lib"], "/private/tmp/erp-domain-crate-09-finance/backend/crates/erp-processes/src/lib.rs", Edition2021) }
   0.159960334s  INFO prepare_target{force=false package_id=erp-processes v0.1.0 (/private/tmp/erp-domain-crate-09-finance/backend/crates/erp-processes) target="erp_processes"}: cargo::core::compiler::fingerprint:     dirty: FsStatusOutdated(StaleDepFingerprint { unit: UnitIndex(392) })
   0.160254292s  INFO prepare_target{force=false package_id=erp-read-models v0.1.0 (/private/tmp/erp-domain-crate-09-finance/backend/crates/erp-read-models) target="erp_read_models"}: cargo::core::compiler::fingerprint: fingerprint dirty for erp-read-models v0.1.0 (/private/tmp/erp-domain-crate-09-finance/backend/crates/erp-read-models)/Check { test: false }/TargetInner { name_inferred: true, ..: lib_target("erp_read_models", ["lib"], "/private/tmp/erp-domain-crate-09-finance/backend/crates/erp-read-models/src/lib.rs", Edition2021) }
   0.160258500s  INFO prepare_target{force=false package_id=erp-read-models v0.1.0 (/private/tmp/erp-domain-crate-09-finance/backend/crates/erp-read-models) target="erp_read_models"}: cargo::core::compiler::fingerprint:     dirty: FsStatusOutdated(StaleDepFingerprint { unit: UnitIndex(392) })
   0.160532709s  INFO prepare_target{force=false package_id=services v0.1.0 (/private/tmp/erp-domain-crate-09-finance/backend/services) target="services"}: cargo::core::compiler::fingerprint: fingerprint dirty for services v0.1.0 (/private/tmp/erp-domain-crate-09-finance/backend/services)/Check { test: false }/TargetInner { name_inferred: true, ..: lib_target("services", ["lib"], "/private/tmp/erp-domain-crate-09-finance/backend/services/src/lib.rs", Edition2021) }
   0.160540792s  INFO prepare_target{force=false package_id=services v0.1.0 (/private/tmp/erp-domain-crate-09-finance/backend/services) target="services"}: cargo::core::compiler::fingerprint:     dirty: FsStatusOutdated(StaleDepFingerprint { unit: UnitIndex(121) })
   0.163413625s  INFO prepare_target{force=false package_id=web-api v0.1.0 (/private/tmp/erp-domain-crate-09-finance/backend/apps/web-api) target="web-api"}: cargo::core::compiler::fingerprint: fingerprint dirty for web-api v0.1.0 (/private/tmp/erp-domain-crate-09-finance/backend/apps/web-api)/Check { test: false }/TargetInner { name: "web-api", doc: true, ..: with_path("/private/tmp/erp-domain-crate-09-finance/backend/apps/web-api/src/main.rs", Edition2021) }
   0.163417917s  INFO prepare_target{force=false package_id=web-api v0.1.0 (/private/tmp/erp-domain-crate-09-finance/backend/apps/web-api) target="web-api"}: cargo::core::compiler::fingerprint:     dirty: FsStatusOutdated(StaleDepFingerprint { unit: UnitIndex(392) })
    Checking erp-finance v0.1.0 (/private/tmp/erp-domain-crate-09-finance/backend/crates/erp-finance)
    Checking database v0.1.0 (/private/tmp/erp-domain-crate-09-finance/backend/database)
    Checking services v0.1.0 (/private/tmp/erp-domain-crate-09-finance/backend/services)
    Checking erp-read-models v0.1.0 (/private/tmp/erp-domain-crate-09-finance/backend/crates/erp-read-models)
    Checking erp-processes v0.1.0 (/private/tmp/erp-domain-crate-09-finance/backend/crates/erp-processes)
    Checking web-api v0.1.0 (/private/tmp/erp-domain-crate-09-finance/backend/apps/web-api)
      Timing report saved to /Volumes/Kingston/erp-domain-crate-09-final-finance-check/cargo-timings/cargo-timing-20260907T015857655Z-c43098a106c8825d.html
    Finished `dev` profile [unoptimized + debuginfo] target(s) in 4.33s
warning: the following packages contain code that will be rejected by a future version of Rust: proc-macro-error2 v2.0.1
note: to see what the problems were, use the option `--future-incompat-report`, or run `cargo report future-incompatibilities --id 1`
