   0.373676083s  INFO prepare_target{force=false package_id=web-api v0.1.0 (/private/tmp/erp-domain-crate-10-sales/backend/apps/web-api) target="web-api"}: cargo::core::compiler::fingerprint: stale: changed "/private/tmp/erp-domain-crate-10-sales/backend/crates/erp-finance/src/service/receivable/mapping.rs"
   0.373693166s  INFO prepare_target{force=false package_id=web-api v0.1.0 (/private/tmp/erp-domain-crate-10-sales/backend/apps/web-api) target="web-api"}: cargo::core::compiler::fingerprint:           (vs) "/Volumes/Kingston/erp-domain-crate-10-final-finance-build/debug/.fingerprint/erp-finance-316aa6ef0c1ab668/dep-lib-erp_finance"
   0.373695500s  INFO prepare_target{force=false package_id=web-api v0.1.0 (/private/tmp/erp-domain-crate-10-sales/backend/apps/web-api) target="web-api"}: cargo::core::compiler::fingerprint:                FileTime { seconds: 1788750396, nanos: 551494711 } < FileTime { seconds: 1788750415, nanos: 628792821 }
   0.385253666s  INFO prepare_target{force=false package_id=web-api v0.1.0 (/private/tmp/erp-domain-crate-10-sales/backend/apps/web-api) target="web-api"}: cargo::core::compiler::fingerprint: fingerprint dirty for web-api v0.1.0 (/private/tmp/erp-domain-crate-10-sales/backend/apps/web-api)/Build/TargetInner { name: "web-api", doc: true, ..: with_path("/private/tmp/erp-domain-crate-10-sales/backend/apps/web-api/src/main.rs", Edition2021) }
   0.385269125s  INFO prepare_target{force=false package_id=web-api v0.1.0 (/private/tmp/erp-domain-crate-10-sales/backend/apps/web-api) target="web-api"}: cargo::core::compiler::fingerprint:     dirty: FsStatusOutdated(StaleDepFingerprint { unit: UnitIndex(386) })
   0.422342625s  INFO prepare_target{force=false package_id=database v0.1.0 (/private/tmp/erp-domain-crate-10-sales/backend/database) target="database"}: cargo::core::compiler::fingerprint: fingerprint dirty for database v0.1.0 (/private/tmp/erp-domain-crate-10-sales/backend/database)/Build/TargetInner { name_inferred: true, ..: lib_target("database", ["lib"], "/private/tmp/erp-domain-crate-10-sales/backend/database/src/lib.rs", Edition2021) }
   0.422359500s  INFO prepare_target{force=false package_id=database v0.1.0 (/private/tmp/erp-domain-crate-10-sales/backend/database) target="database"}: cargo::core::compiler::fingerprint:     dirty: FsStatusOutdated(StaleDepFingerprint { unit: UnitIndex(145) })
   0.434078541s  INFO prepare_target{force=false package_id=erp-finance v0.1.0 (/private/tmp/erp-domain-crate-10-sales/backend/crates/erp-finance) target="erp_finance"}: cargo::core::compiler::fingerprint: fingerprint dirty for erp-finance v0.1.0 (/private/tmp/erp-domain-crate-10-sales/backend/crates/erp-finance)/Build/TargetInner { name_inferred: true, ..: lib_target("erp_finance", ["lib"], "/private/tmp/erp-domain-crate-10-sales/backend/crates/erp-finance/src/lib.rs", Edition2021) }
   0.434088625s  INFO prepare_target{force=false package_id=erp-finance v0.1.0 (/private/tmp/erp-domain-crate-10-sales/backend/crates/erp-finance) target="erp_finance"}: cargo::core::compiler::fingerprint:     dirty: FsStatusOutdated(StaleItem(ChangedFile { reference: "/Volumes/Kingston/erp-domain-crate-10-final-finance-build/debug/.fingerprint/erp-finance-316aa6ef0c1ab668/dep-lib-erp_finance", reference_mtime: FileTime { seconds: 1788750396, nanos: 551494711 }, stale: "/private/tmp/erp-domain-crate-10-sales/backend/crates/erp-finance/src/service/receivable/mapping.rs", stale_mtime: FileTime { seconds: 1788750415, nanos: 628792821 } }))
   0.434665625s  INFO prepare_target{force=false package_id=erp-processes v0.1.0 (/private/tmp/erp-domain-crate-10-sales/backend/crates/erp-processes) target="erp_processes"}: cargo::core::compiler::fingerprint: fingerprint dirty for erp-processes v0.1.0 (/private/tmp/erp-domain-crate-10-sales/backend/crates/erp-processes)/Build/TargetInner { name_inferred: true, ..: lib_target("erp_processes", ["lib"], "/private/tmp/erp-domain-crate-10-sales/backend/crates/erp-processes/src/lib.rs", Edition2021) }
   0.434670083s  INFO prepare_target{force=false package_id=erp-processes v0.1.0 (/private/tmp/erp-domain-crate-10-sales/backend/crates/erp-processes) target="erp_processes"}: cargo::core::compiler::fingerprint:     dirty: FsStatusOutdated(StaleDepFingerprint { unit: UnitIndex(386) })
   0.435146375s  INFO prepare_target{force=false package_id=erp-read-models v0.1.0 (/private/tmp/erp-domain-crate-10-sales/backend/crates/erp-read-models) target="erp_read_models"}: cargo::core::compiler::fingerprint: fingerprint dirty for erp-read-models v0.1.0 (/private/tmp/erp-domain-crate-10-sales/backend/crates/erp-read-models)/Build/TargetInner { name_inferred: true, ..: lib_target("erp_read_models", ["lib"], "/private/tmp/erp-domain-crate-10-sales/backend/crates/erp-read-models/src/lib.rs", Edition2021) }
   0.435150041s  INFO prepare_target{force=false package_id=erp-read-models v0.1.0 (/private/tmp/erp-domain-crate-10-sales/backend/crates/erp-read-models) target="erp_read_models"}: cargo::core::compiler::fingerprint:     dirty: FsStatusOutdated(StaleDepFingerprint { unit: UnitIndex(386) })
   0.435591041s  INFO prepare_target{force=false package_id=services v0.1.0 (/private/tmp/erp-domain-crate-10-sales/backend/services) target="services"}: cargo::core::compiler::fingerprint: fingerprint dirty for services v0.1.0 (/private/tmp/erp-domain-crate-10-sales/backend/services)/Build/TargetInner { name_inferred: true, ..: lib_target("services", ["lib"], "/private/tmp/erp-domain-crate-10-sales/backend/services/src/lib.rs", Edition2021) }
   0.435594416s  INFO prepare_target{force=false package_id=services v0.1.0 (/private/tmp/erp-domain-crate-10-sales/backend/services) target="services"}: cargo::core::compiler::fingerprint:     dirty: FsStatusOutdated(StaleDepFingerprint { unit: UnitIndex(119) })
   0.445249500s  INFO prepare_target{force=false package_id=web-api v0.1.0 (/private/tmp/erp-domain-crate-10-sales/backend/apps/web-api) target="web_api"}: cargo::core::compiler::fingerprint: fingerprint dirty for web-api v0.1.0 (/private/tmp/erp-domain-crate-10-sales/backend/apps/web-api)/Build/TargetInner { name_inferred: true, ..: lib_target("web_api", ["lib"], "/private/tmp/erp-domain-crate-10-sales/backend/apps/web-api/src/lib.rs", Edition2021) }
   0.445256000s  INFO prepare_target{force=false package_id=web-api v0.1.0 (/private/tmp/erp-domain-crate-10-sales/backend/apps/web-api) target="web_api"}: cargo::core::compiler::fingerprint:     dirty: FsStatusOutdated(StaleDepFingerprint { unit: UnitIndex(386) })
   Compiling erp-finance v0.1.0 (/private/tmp/erp-domain-crate-10-sales/backend/crates/erp-finance)
   Compiling database v0.1.0 (/private/tmp/erp-domain-crate-10-sales/backend/database)
   Compiling services v0.1.0 (/private/tmp/erp-domain-crate-10-sales/backend/services)
   Compiling erp-read-models v0.1.0 (/private/tmp/erp-domain-crate-10-sales/backend/crates/erp-read-models)
   Compiling erp-processes v0.1.0 (/private/tmp/erp-domain-crate-10-sales/backend/crates/erp-processes)
   Compiling web-api v0.1.0 (/private/tmp/erp-domain-crate-10-sales/backend/apps/web-api)
      Timing report saved to /Volumes/Kingston/erp-domain-crate-10-final-finance-build/cargo-timings/cargo-timing-20260907T030655657Z-eecd458fd5fdd7ab.html
    Finished `dev` profile [unoptimized + debuginfo] target(s) in 13.23s
warning: the following packages contain code that will be rejected by a future version of Rust: proc-macro-error2 v2.0.1
note: to see what the problems were, use the option `--future-incompat-report`, or run `cargo report future-incompatibilities --id 1`
