   0.345078291s  INFO prepare_target{force=false package_id=web-api v0.1.0 (/private/tmp/erp-domain-crate-05-measure/backend/apps/web-api) target="web-api"}: cargo::core::compiler::fingerprint: stale: changed "/private/tmp/erp-domain-crate-05-measure/backend/crates/erp-customer/src/service/customer/profile/validation.rs"
   0.345094041s  INFO prepare_target{force=false package_id=web-api v0.1.0 (/private/tmp/erp-domain-crate-05-measure/backend/apps/web-api) target="web-api"}: cargo::core::compiler::fingerprint:           (vs) "/Volumes/Kingston/erp-domain-crate-05-target-customer-build/debug/.fingerprint/erp-customer-319df4e610276819/dep-lib-erp_customer"
   0.345096291s  INFO prepare_target{force=false package_id=web-api v0.1.0 (/private/tmp/erp-domain-crate-05-measure/backend/apps/web-api) target="web-api"}: cargo::core::compiler::fingerprint:                FileTime { seconds: 1788726858, nanos: 478261245 } < FileTime { seconds: 1788726870, nanos: 5048084 }
   0.357933291s  INFO prepare_target{force=false package_id=web-api v0.1.0 (/private/tmp/erp-domain-crate-05-measure/backend/apps/web-api) target="web-api"}: cargo::core::compiler::fingerprint: fingerprint dirty for web-api v0.1.0 (/private/tmp/erp-domain-crate-05-measure/backend/apps/web-api)/Build/TargetInner { name: "web-api", doc: true, ..: with_path("/private/tmp/erp-domain-crate-05-measure/backend/apps/web-api/src/main.rs", Edition2021) }
   0.357942375s  INFO prepare_target{force=false package_id=web-api v0.1.0 (/private/tmp/erp-domain-crate-05-measure/backend/apps/web-api) target="web-api"}: cargo::core::compiler::fingerprint:     dirty: FsStatusOutdated(StaleDepFingerprint { unit: UnitIndex(136) })
   0.394912500s  INFO prepare_target{force=false package_id=database v0.1.0 (/private/tmp/erp-domain-crate-05-measure/backend/database) target="database"}: cargo::core::compiler::fingerprint: fingerprint dirty for database v0.1.0 (/private/tmp/erp-domain-crate-05-measure/backend/database)/Build/TargetInner { name_inferred: true, ..: lib_target("database", ["lib"], "/private/tmp/erp-domain-crate-05-measure/backend/database/src/lib.rs", Edition2021) }
   0.394929083s  INFO prepare_target{force=false package_id=database v0.1.0 (/private/tmp/erp-domain-crate-05-measure/backend/database) target="database"}: cargo::core::compiler::fingerprint:     dirty: FsStatusOutdated(StaleDepFingerprint { unit: UnitIndex(136) })
   0.397330833s  INFO prepare_target{force=false package_id=entities v0.1.0 (/private/tmp/erp-domain-crate-05-measure/backend/entities) target="entities"}: cargo::core::compiler::fingerprint: fingerprint dirty for entities v0.1.0 (/private/tmp/erp-domain-crate-05-measure/backend/entities)/Build/TargetInner { name_inferred: true, ..: lib_target("entities", ["lib"], "/private/tmp/erp-domain-crate-05-measure/backend/entities/src/lib.rs", Edition2021) }
   0.397337416s  INFO prepare_target{force=false package_id=entities v0.1.0 (/private/tmp/erp-domain-crate-05-measure/backend/entities) target="entities"}: cargo::core::compiler::fingerprint:     dirty: FsStatusOutdated(StaleDepFingerprint { unit: UnitIndex(142) })
   0.404812666s  INFO prepare_target{force=false package_id=erp-customer v0.1.0 (/private/tmp/erp-domain-crate-05-measure/backend/crates/erp-customer) target="erp_customer"}: cargo::core::compiler::fingerprint: fingerprint dirty for erp-customer v0.1.0 (/private/tmp/erp-domain-crate-05-measure/backend/crates/erp-customer)/Build/TargetInner { name_inferred: true, ..: lib_target("erp_customer", ["lib"], "/private/tmp/erp-domain-crate-05-measure/backend/crates/erp-customer/src/lib.rs", Edition2021) }
   0.404817125s  INFO prepare_target{force=false package_id=erp-customer v0.1.0 (/private/tmp/erp-domain-crate-05-measure/backend/crates/erp-customer) target="erp_customer"}: cargo::core::compiler::fingerprint:     dirty: FsStatusOutdated(StaleItem(ChangedFile { reference: "/Volumes/Kingston/erp-domain-crate-05-target-customer-build/debug/.fingerprint/erp-customer-319df4e610276819/dep-lib-erp_customer", reference_mtime: FileTime { seconds: 1788726858, nanos: 478261245 }, stale: "/private/tmp/erp-domain-crate-05-measure/backend/crates/erp-customer/src/service/customer/profile/validation.rs", stale_mtime: FileTime { seconds: 1788726870, nanos: 5048084 } }))
   0.407104833s  INFO prepare_target{force=false package_id=erp-processes v0.1.0 (/private/tmp/erp-domain-crate-05-measure/backend/crates/erp-processes) target="erp_processes"}: cargo::core::compiler::fingerprint: fingerprint dirty for erp-processes v0.1.0 (/private/tmp/erp-domain-crate-05-measure/backend/crates/erp-processes)/Build/TargetInner { name_inferred: true, ..: lib_target("erp_processes", ["lib"], "/private/tmp/erp-domain-crate-05-measure/backend/crates/erp-processes/src/lib.rs", Edition2021) }
   0.407108541s  INFO prepare_target{force=false package_id=erp-processes v0.1.0 (/private/tmp/erp-domain-crate-05-measure/backend/crates/erp-processes) target="erp_processes"}: cargo::core::compiler::fingerprint:     dirty: FsStatusOutdated(StaleDepFingerprint { unit: UnitIndex(136) })
   0.407568250s  INFO prepare_target{force=false package_id=services v0.1.0 (/private/tmp/erp-domain-crate-05-measure/backend/services) target="services"}: cargo::core::compiler::fingerprint: fingerprint dirty for services v0.1.0 (/private/tmp/erp-domain-crate-05-measure/backend/services)/Build/TargetInner { name_inferred: true, ..: lib_target("services", ["lib"], "/private/tmp/erp-domain-crate-05-measure/backend/services/src/lib.rs", Edition2021) }
   0.407571958s  INFO prepare_target{force=false package_id=services v0.1.0 (/private/tmp/erp-domain-crate-05-measure/backend/services) target="services"}: cargo::core::compiler::fingerprint:     dirty: FsStatusOutdated(StaleDepFingerprint { unit: UnitIndex(136) })
   0.407988083s  INFO prepare_target{force=false package_id=erp-read-models v0.1.0 (/private/tmp/erp-domain-crate-05-measure/backend/crates/erp-read-models) target="erp_read_models"}: cargo::core::compiler::fingerprint: fingerprint dirty for erp-read-models v0.1.0 (/private/tmp/erp-domain-crate-05-measure/backend/crates/erp-read-models)/Build/TargetInner { name_inferred: true, ..: lib_target("erp_read_models", ["lib"], "/private/tmp/erp-domain-crate-05-measure/backend/crates/erp-read-models/src/lib.rs", Edition2021) }
   0.407994250s  INFO prepare_target{force=false package_id=erp-read-models v0.1.0 (/private/tmp/erp-domain-crate-05-measure/backend/crates/erp-read-models) target="erp_read_models"}: cargo::core::compiler::fingerprint:     dirty: FsStatusOutdated(StaleDepFingerprint { unit: UnitIndex(136) })
   0.417717791s  INFO prepare_target{force=false package_id=web-api v0.1.0 (/private/tmp/erp-domain-crate-05-measure/backend/apps/web-api) target="web_api"}: cargo::core::compiler::fingerprint: fingerprint dirty for web-api v0.1.0 (/private/tmp/erp-domain-crate-05-measure/backend/apps/web-api)/Build/TargetInner { name_inferred: true, ..: lib_target("web_api", ["lib"], "/private/tmp/erp-domain-crate-05-measure/backend/apps/web-api/src/lib.rs", Edition2021) }
   0.417724333s  INFO prepare_target{force=false package_id=web-api v0.1.0 (/private/tmp/erp-domain-crate-05-measure/backend/apps/web-api) target="web_api"}: cargo::core::compiler::fingerprint:     dirty: FsStatusOutdated(StaleDepFingerprint { unit: UnitIndex(136) })
   Compiling erp-customer v0.1.0 (/private/tmp/erp-domain-crate-05-measure/backend/crates/erp-customer)
   Compiling entities v0.1.0 (/private/tmp/erp-domain-crate-05-measure/backend/entities)
   Compiling database v0.1.0 (/private/tmp/erp-domain-crate-05-measure/backend/database)
   Compiling services v0.1.0 (/private/tmp/erp-domain-crate-05-measure/backend/services)
   Compiling erp-processes v0.1.0 (/private/tmp/erp-domain-crate-05-measure/backend/crates/erp-processes)
   Compiling erp-read-models v0.1.0 (/private/tmp/erp-domain-crate-05-measure/backend/crates/erp-read-models)
   Compiling web-api v0.1.0 (/private/tmp/erp-domain-crate-05-measure/backend/apps/web-api)
      Timing report saved to /Volumes/Kingston/erp-domain-crate-05-target-customer-build/cargo-timings/cargo-timing-20260906T203430042Z-f2c683010b4d583c.html
    Finished `dev` profile [unoptimized + debuginfo] target(s) in 12.23s
warning: the following packages contain code that will be rejected by a future version of Rust: proc-macro-error2 v2.0.1
note: to see what the problems were, use the option `--future-incompat-report`, or run `cargo report future-incompatibilities --id 1`
