   0.143437791s  INFO prepare_target{force=false package_id=web-api v0.1.0 (/private/tmp/erp-domain-crate-09-finance/backend/apps/web-api) target="web_api"}: cargo::core::compiler::fingerprint: stale: changed "/private/tmp/erp-domain-crate-09-finance/backend/crates/erp-finance/src/service/receivable/mapping.rs"
   0.143456458s  INFO prepare_target{force=false package_id=web-api v0.1.0 (/private/tmp/erp-domain-crate-09-finance/backend/apps/web-api) target="web_api"}: cargo::core::compiler::fingerprint:           (vs) "/Volumes/Kingston/erp-domain-crate-09-final-finance-check/debug/.fingerprint/erp-finance-1fdbe466168affd0/dep-lib-erp_finance"
   0.143458583s  INFO prepare_target{force=false package_id=web-api v0.1.0 (/private/tmp/erp-domain-crate-09-finance/backend/apps/web-api) target="web_api"}: cargo::core::compiler::fingerprint:                FileTime { seconds: 1788746298, nanos: 439532720 } < FileTime { seconds: 1788746302, nanos: 597298038 }
   0.146793541s  INFO prepare_target{force=false package_id=web-api v0.1.0 (/private/tmp/erp-domain-crate-09-finance/backend/apps/web-api) target="web_api"}: cargo::core::compiler::fingerprint: fingerprint dirty for web-api v0.1.0 (/private/tmp/erp-domain-crate-09-finance/backend/apps/web-api)/Check { test: false }/TargetInner { name_inferred: true, ..: lib_target("web_api", ["lib"], "/private/tmp/erp-domain-crate-09-finance/backend/apps/web-api/src/lib.rs", Edition2021) }
   0.146805583s  INFO prepare_target{force=false package_id=web-api v0.1.0 (/private/tmp/erp-domain-crate-09-finance/backend/apps/web-api) target="web_api"}: cargo::core::compiler::fingerprint:     dirty: FsStatusOutdated(StaleDepFingerprint { unit: UnitIndex(392) })
   0.158620000s  INFO prepare_target{force=false package_id=database v0.1.0 (/private/tmp/erp-domain-crate-09-finance/backend/database) target="database"}: cargo::core::compiler::fingerprint: fingerprint dirty for database v0.1.0 (/private/tmp/erp-domain-crate-09-finance/backend/database)/Check { test: false }/TargetInner { name_inferred: true, ..: lib_target("database", ["lib"], "/private/tmp/erp-domain-crate-09-finance/backend/database/src/lib.rs", Edition2021) }
   0.158629291s  INFO prepare_target{force=false package_id=database v0.1.0 (/private/tmp/erp-domain-crate-09-finance/backend/database) target="database"}: cargo::core::compiler::fingerprint:     dirty: FsStatusOutdated(StaleDepFingerprint { unit: UnitIndex(147) })
   0.161973625s  INFO prepare_target{force=false package_id=erp-finance v0.1.0 (/private/tmp/erp-domain-crate-09-finance/backend/crates/erp-finance) target="erp_finance"}: cargo::core::compiler::fingerprint: fingerprint dirty for erp-finance v0.1.0 (/private/tmp/erp-domain-crate-09-finance/backend/crates/erp-finance)/Check { test: false }/TargetInner { name_inferred: true, ..: lib_target("erp_finance", ["lib"], "/private/tmp/erp-domain-crate-09-finance/backend/crates/erp-finance/src/lib.rs", Edition2021) }
   0.161983416s  INFO prepare_target{force=false package_id=erp-finance v0.1.0 (/private/tmp/erp-domain-crate-09-finance/backend/crates/erp-finance) target="erp_finance"}: cargo::core::compiler::fingerprint:     dirty: FsStatusOutdated(StaleItem(ChangedFile { reference: "/Volumes/Kingston/erp-domain-crate-09-final-finance-check/debug/.fingerprint/erp-finance-1fdbe466168affd0/dep-lib-erp_finance", reference_mtime: FileTime { seconds: 1788746298, nanos: 439532720 }, stale: "/private/tmp/erp-domain-crate-09-finance/backend/crates/erp-finance/src/service/receivable/mapping.rs", stale_mtime: FileTime { seconds: 1788746302, nanos: 597298038 } }))
   0.162294875s  INFO prepare_target{force=false package_id=erp-processes v0.1.0 (/private/tmp/erp-domain-crate-09-finance/backend/crates/erp-processes) target="erp_processes"}: cargo::core::compiler::fingerprint: fingerprint dirty for erp-processes v0.1.0 (/private/tmp/erp-domain-crate-09-finance/backend/crates/erp-processes)/Check { test: false }/TargetInner { name_inferred: true, ..: lib_target("erp_processes", ["lib"], "/private/tmp/erp-domain-crate-09-finance/backend/crates/erp-processes/src/lib.rs", Edition2021) }
   0.162300458s  INFO prepare_target{force=false package_id=erp-processes v0.1.0 (/private/tmp/erp-domain-crate-09-finance/backend/crates/erp-processes) target="erp_processes"}: cargo::core::compiler::fingerprint:     dirty: FsStatusOutdated(StaleDepFingerprint { unit: UnitIndex(392) })
   0.162604458s  INFO prepare_target{force=false package_id=erp-read-models v0.1.0 (/private/tmp/erp-domain-crate-09-finance/backend/crates/erp-read-models) target="erp_read_models"}: cargo::core::compiler::fingerprint: fingerprint dirty for erp-read-models v0.1.0 (/private/tmp/erp-domain-crate-09-finance/backend/crates/erp-read-models)/Check { test: false }/TargetInner { name_inferred: true, ..: lib_target("erp_read_models", ["lib"], "/private/tmp/erp-domain-crate-09-finance/backend/crates/erp-read-models/src/lib.rs", Edition2021) }
   0.162609416s  INFO prepare_target{force=false package_id=erp-read-models v0.1.0 (/private/tmp/erp-domain-crate-09-finance/backend/crates/erp-read-models) target="erp_read_models"}: cargo::core::compiler::fingerprint:     dirty: FsStatusOutdated(StaleDepFingerprint { unit: UnitIndex(392) })
   0.162877458s  INFO prepare_target{force=false package_id=services v0.1.0 (/private/tmp/erp-domain-crate-09-finance/backend/services) target="services"}: cargo::core::compiler::fingerprint: fingerprint dirty for services v0.1.0 (/private/tmp/erp-domain-crate-09-finance/backend/services)/Check { test: false }/TargetInner { name_inferred: true, ..: lib_target("services", ["lib"], "/private/tmp/erp-domain-crate-09-finance/backend/services/src/lib.rs", Edition2021) }
   0.162883083s  INFO prepare_target{force=false package_id=services v0.1.0 (/private/tmp/erp-domain-crate-09-finance/backend/services) target="services"}: cargo::core::compiler::fingerprint:     dirty: FsStatusOutdated(StaleDepFingerprint { unit: UnitIndex(121) })
   0.165578333s  INFO prepare_target{force=false package_id=web-api v0.1.0 (/private/tmp/erp-domain-crate-09-finance/backend/apps/web-api) target="web-api"}: cargo::core::compiler::fingerprint: fingerprint dirty for web-api v0.1.0 (/private/tmp/erp-domain-crate-09-finance/backend/apps/web-api)/Check { test: false }/TargetInner { name: "web-api", doc: true, ..: with_path("/private/tmp/erp-domain-crate-09-finance/backend/apps/web-api/src/main.rs", Edition2021) }
   0.165584458s  INFO prepare_target{force=false package_id=web-api v0.1.0 (/private/tmp/erp-domain-crate-09-finance/backend/apps/web-api) target="web-api"}: cargo::core::compiler::fingerprint:     dirty: FsStatusOutdated(StaleDepFingerprint { unit: UnitIndex(392) })
    Checking erp-finance v0.1.0 (/private/tmp/erp-domain-crate-09-finance/backend/crates/erp-finance)
    Checking database v0.1.0 (/private/tmp/erp-domain-crate-09-finance/backend/database)
    Checking services v0.1.0 (/private/tmp/erp-domain-crate-09-finance/backend/services)
    Checking erp-read-models v0.1.0 (/private/tmp/erp-domain-crate-09-finance/backend/crates/erp-read-models)
    Checking erp-processes v0.1.0 (/private/tmp/erp-domain-crate-09-finance/backend/crates/erp-processes)
    Checking web-api v0.1.0 (/private/tmp/erp-domain-crate-09-finance/backend/apps/web-api)
      Timing report saved to /Volumes/Kingston/erp-domain-crate-09-final-finance-check/cargo-timings/cargo-timing-20260907T015822621Z-c43098a106c8825d.html
    Finished `dev` profile [unoptimized + debuginfo] target(s) in 4.34s
warning: the following packages contain code that will be rejected by a future version of Rust: proc-macro-error2 v2.0.1
note: to see what the problems were, use the option `--future-incompat-report`, or run `cargo report future-incompatibilities --id 1`
