   0.146164333s  INFO prepare_target{force=false package_id=web-api v0.1.0 (/private/tmp/erp-domain-crate-10-sales/backend/apps/web-api) target="web_api"}: cargo::core::compiler::fingerprint: stale: changed "/private/tmp/erp-domain-crate-10-sales/backend/crates/erp-sales/src/service/sales_order/command/identity.rs"
   0.146180417s  INFO prepare_target{force=false package_id=web-api v0.1.0 (/private/tmp/erp-domain-crate-10-sales/backend/apps/web-api) target="web_api"}: cargo::core::compiler::fingerprint:           (vs) "/Volumes/Kingston/erp-domain-crate-10-final-sales-check/debug/.fingerprint/erp-sales-d66c81e7f72f3d7d/dep-lib-erp_sales"
   0.146182417s  INFO prepare_target{force=false package_id=web-api v0.1.0 (/private/tmp/erp-domain-crate-10-sales/backend/apps/web-api) target="web_api"}: cargo::core::compiler::fingerprint:                FileTime { seconds: 1788749659, nanos: 571402693 } < FileTime { seconds: 1788749664, nanos: 393945201 }
   0.150683167s  INFO prepare_target{force=false package_id=web-api v0.1.0 (/private/tmp/erp-domain-crate-10-sales/backend/apps/web-api) target="web_api"}: cargo::core::compiler::fingerprint: fingerprint dirty for web-api v0.1.0 (/private/tmp/erp-domain-crate-10-sales/backend/apps/web-api)/Check { test: false }/TargetInner { name_inferred: true, ..: lib_target("web_api", ["lib"], "/private/tmp/erp-domain-crate-10-sales/backend/apps/web-api/src/lib.rs", Edition2021) }
   0.150698167s  INFO prepare_target{force=false package_id=web-api v0.1.0 (/private/tmp/erp-domain-crate-10-sales/backend/apps/web-api) target="web_api"}: cargo::core::compiler::fingerprint:     dirty: FsStatusOutdated(StaleDepFingerprint { unit: UnitIndex(154) })
   0.162697917s  INFO prepare_target{force=false package_id=database v0.1.0 (/private/tmp/erp-domain-crate-10-sales/backend/database) target="database"}: cargo::core::compiler::fingerprint: fingerprint dirty for database v0.1.0 (/private/tmp/erp-domain-crate-10-sales/backend/database)/Check { test: false }/TargetInner { name_inferred: true, ..: lib_target("database", ["lib"], "/private/tmp/erp-domain-crate-10-sales/backend/database/src/lib.rs", Edition2021) }
   0.162706875s  INFO prepare_target{force=false package_id=database v0.1.0 (/private/tmp/erp-domain-crate-10-sales/backend/database) target="database"}: cargo::core::compiler::fingerprint:     dirty: FsStatusOutdated(StaleDepFingerprint { unit: UnitIndex(154) })
   0.163565125s  INFO prepare_target{force=false package_id=entities v0.1.0 (/private/tmp/erp-domain-crate-10-sales/backend/entities) target="entities"}: cargo::core::compiler::fingerprint: fingerprint dirty for entities v0.1.0 (/private/tmp/erp-domain-crate-10-sales/backend/entities)/Check { test: false }/TargetInner { name_inferred: true, ..: lib_target("entities", ["lib"], "/private/tmp/erp-domain-crate-10-sales/backend/entities/src/lib.rs", Edition2021) }
   0.163570542s  INFO prepare_target{force=false package_id=entities v0.1.0 (/private/tmp/erp-domain-crate-10-sales/backend/entities) target="entities"}: cargo::core::compiler::fingerprint:     dirty: FsStatusOutdated(StaleDepFingerprint { unit: UnitIndex(154) })
   0.166239750s  INFO prepare_target{force=false package_id=erp-sales v0.1.0 (/private/tmp/erp-domain-crate-10-sales/backend/crates/erp-sales) target="erp_sales"}: cargo::core::compiler::fingerprint: fingerprint dirty for erp-sales v0.1.0 (/private/tmp/erp-domain-crate-10-sales/backend/crates/erp-sales)/Check { test: false }/TargetInner { name_inferred: true, ..: lib_target("erp_sales", ["lib"], "/private/tmp/erp-domain-crate-10-sales/backend/crates/erp-sales/src/lib.rs", Edition2021) }
   0.166244500s  INFO prepare_target{force=false package_id=erp-sales v0.1.0 (/private/tmp/erp-domain-crate-10-sales/backend/crates/erp-sales) target="erp_sales"}: cargo::core::compiler::fingerprint:     dirty: FsStatusOutdated(StaleItem(ChangedFile { reference: "/Volumes/Kingston/erp-domain-crate-10-final-sales-check/debug/.fingerprint/erp-sales-d66c81e7f72f3d7d/dep-lib-erp_sales", reference_mtime: FileTime { seconds: 1788749659, nanos: 571402693 }, stale: "/private/tmp/erp-domain-crate-10-sales/backend/crates/erp-sales/src/service/sales_order/command/identity.rs", stale_mtime: FileTime { seconds: 1788749664, nanos: 393945201 } }))
   0.166669833s  INFO prepare_target{force=false package_id=erp-processes v0.1.0 (/private/tmp/erp-domain-crate-10-sales/backend/crates/erp-processes) target="erp_processes"}: cargo::core::compiler::fingerprint: fingerprint dirty for erp-processes v0.1.0 (/private/tmp/erp-domain-crate-10-sales/backend/crates/erp-processes)/Check { test: false }/TargetInner { name_inferred: true, ..: lib_target("erp_processes", ["lib"], "/private/tmp/erp-domain-crate-10-sales/backend/crates/erp-processes/src/lib.rs", Edition2021) }
   0.166674542s  INFO prepare_target{force=false package_id=erp-processes v0.1.0 (/private/tmp/erp-domain-crate-10-sales/backend/crates/erp-processes) target="erp_processes"}: cargo::core::compiler::fingerprint:     dirty: FsStatusOutdated(StaleDepFingerprint { unit: UnitIndex(154) })
   0.166932500s  INFO prepare_target{force=false package_id=erp-read-models v0.1.0 (/private/tmp/erp-domain-crate-10-sales/backend/crates/erp-read-models) target="erp_read_models"}: cargo::core::compiler::fingerprint: fingerprint dirty for erp-read-models v0.1.0 (/private/tmp/erp-domain-crate-10-sales/backend/crates/erp-read-models)/Check { test: false }/TargetInner { name_inferred: true, ..: lib_target("erp_read_models", ["lib"], "/private/tmp/erp-domain-crate-10-sales/backend/crates/erp-read-models/src/lib.rs", Edition2021) }
   0.166936750s  INFO prepare_target{force=false package_id=erp-read-models v0.1.0 (/private/tmp/erp-domain-crate-10-sales/backend/crates/erp-read-models) target="erp_read_models"}: cargo::core::compiler::fingerprint:     dirty: FsStatusOutdated(StaleDepFingerprint { unit: UnitIndex(154) })
   0.167241125s  INFO prepare_target{force=false package_id=services v0.1.0 (/private/tmp/erp-domain-crate-10-sales/backend/services) target="services"}: cargo::core::compiler::fingerprint: fingerprint dirty for services v0.1.0 (/private/tmp/erp-domain-crate-10-sales/backend/services)/Check { test: false }/TargetInner { name_inferred: true, ..: lib_target("services", ["lib"], "/private/tmp/erp-domain-crate-10-sales/backend/services/src/lib.rs", Edition2021) }
   0.167246125s  INFO prepare_target{force=false package_id=services v0.1.0 (/private/tmp/erp-domain-crate-10-sales/backend/services) target="services"}: cargo::core::compiler::fingerprint:     dirty: FsStatusOutdated(StaleDepFingerprint { unit: UnitIndex(154) })
   0.170298333s  INFO prepare_target{force=false package_id=web-api v0.1.0 (/private/tmp/erp-domain-crate-10-sales/backend/apps/web-api) target="web-api"}: cargo::core::compiler::fingerprint: fingerprint dirty for web-api v0.1.0 (/private/tmp/erp-domain-crate-10-sales/backend/apps/web-api)/Check { test: false }/TargetInner { name: "web-api", doc: true, ..: with_path("/private/tmp/erp-domain-crate-10-sales/backend/apps/web-api/src/main.rs", Edition2021) }
   0.170304458s  INFO prepare_target{force=false package_id=web-api v0.1.0 (/private/tmp/erp-domain-crate-10-sales/backend/apps/web-api) target="web-api"}: cargo::core::compiler::fingerprint:     dirty: FsStatusOutdated(StaleDepFingerprint { unit: UnitIndex(154) })
    Checking erp-sales v0.1.0 (/private/tmp/erp-domain-crate-10-sales/backend/crates/erp-sales)
    Checking entities v0.1.0 (/private/tmp/erp-domain-crate-10-sales/backend/entities)
    Checking database v0.1.0 (/private/tmp/erp-domain-crate-10-sales/backend/database)
    Checking services v0.1.0 (/private/tmp/erp-domain-crate-10-sales/backend/services)
    Checking erp-read-models v0.1.0 (/private/tmp/erp-domain-crate-10-sales/backend/crates/erp-read-models)
    Checking erp-processes v0.1.0 (/private/tmp/erp-domain-crate-10-sales/backend/crates/erp-processes)
    Checking web-api v0.1.0 (/private/tmp/erp-domain-crate-10-sales/backend/apps/web-api)
      Timing report saved to /Volumes/Kingston/erp-domain-crate-10-final-sales-check/cargo-timings/cargo-timing-20260907T025424418Z-eecd458fd5fdd7ab.html
    Finished `dev` profile [unoptimized + debuginfo] target(s) in 5.03s
warning: the following packages contain code that will be rejected by a future version of Rust: proc-macro-error2 v2.0.1
note: to see what the problems were, use the option `--future-incompat-report`, or run `cargo report future-incompatibilities --id 1`
