=== bpm ===
command: ./scripts/check-bpm-boundaries.sh
cwd: /Users/huangjiajiang/Development/erp/backend
started: 2026-09-06T21:17:26Z
检查 BPM crate 与成员 manifest…
检查 bpm 依赖图…
检查 bpm 源码边界…
检查 ID 定义源…
检查 id_type 过程宏定义源…
检查 DocumentType -> ProcessKind 映射入口…
BPM 边界检查通过。
bpm_exit=0
finished: 2026-09-06T21:17:30Z
=== service ===
command: ./scripts/check-service-boundaries.sh
cwd: /Users/huangjiajiang/Development/erp/backend
started: 2026-09-06T21:17:30Z
Service 边界检查通过；当前基线共 0 个受控命中。
service_exit=0
finished: 2026-09-06T21:17:30Z
=== domain ===
command: ./scripts/check-domain-boundaries.sh
cwd: /Users/huangjiajiang/Development/erp/backend
started: 2026-09-06T21:17:30Z
领域边界检查
夹具: errors=0
工作区: errors=0
  说明: instantiated planned crates: application-core, erp-audit, erp-core, erp-customer, erp-identity, erp-party, erp-processes, erp-read-models, erp-supplier, erp-support, erp-workflow, persistence-core
  说明: cargo metadata 无 kind=test 集成目标
  说明: 尚无已验收阶段；旧源清零规则已加载，当前不核销业务源文件
领域边界检查通过（夹具自检通过；未伪造未实例化领域的隔离证据）。
domain_exit=0
finished: 2026-09-06T21:17:32Z
=== permissions ===
command: ./scripts/check-permissions-drift.sh
cwd: /Users/huangjiajiang/Development/erp/backend
started: 2026-09-06T21:17:32Z
重新构建 web-api 以生成权限定义…
   Compiling erp-party v0.1.0 (/Users/huangjiajiang/Development/erp/backend/crates/erp-party)
   Compiling erp-supplier v0.1.0 (/Users/huangjiajiang/Development/erp/backend/crates/erp-supplier)
   Compiling entities v0.1.0 (/Users/huangjiajiang/Development/erp/backend/entities)
   Compiling database v0.1.0 (/Users/huangjiajiang/Development/erp/backend/database)
   Compiling services v0.1.0 (/Users/huangjiajiang/Development/erp/backend/services)
   Compiling erp-processes v0.1.0 (/Users/huangjiajiang/Development/erp/backend/crates/erp-processes)
   Compiling erp-read-models v0.1.0 (/Users/huangjiajiang/Development/erp/backend/crates/erp-read-models)
   Compiling web-api v0.1.0 (/Users/huangjiajiang/Development/erp/backend/apps/web-api)
warning: linker stderr: ld: __eh_frame section too large (max 16MB) to encode dwarf unwind offsets in compact unwind table, performance of exception handling might be affected
  |
  = note: `#[warn(linker_messages)]` on by default

warning: `web-api` (bin "web-api") generated 1 warning
    Finished `dev` profile [unoptimized + debuginfo] target(s) in 18.59s
warning: the following packages contain code that will be rejected by a future version of Rust: proc-macro-error2 v2.0.1
note: to see what the problems were, use the option `--future-incompat-report`, or run `cargo report future-incompatibilities --id 1`
检查生成物: /Users/huangjiajiang/Development/erp/erp-client/lib/permissions.generated.ts
权限生成物无漂移。
permissions_exit=0
finished: 2026-09-06T21:17:50Z
=== git-diff-check ===
command: git diff --check
cwd: /Users/huangjiajiang/Development/erp/backend
started: 2026-09-06T21:17:50Z
git-diff-check_exit=0
finished: 2026-09-06T21:17:50Z
