   0.134388542s  INFO prepare_target{force=false package_id=web-api v0.1.0 (/private/tmp/erp-domain-crate-10-sales/backend/apps/web-api) target="web_api"}: cargo::core::compiler::fingerprint: stale: changed "/private/tmp/erp-domain-crate-10-sales/backend/crates/erp-sales/src/service/sales_order/command/identity.rs"
   0.134404958s  INFO prepare_target{force=false package_id=web-api v0.1.0 (/private/tmp/erp-domain-crate-10-sales/backend/apps/web-api) target="web_api"}: cargo::core::compiler::fingerprint:           (vs) "/Volumes/Kingston/erp-domain-crate-10-final-sales-check/debug/.fingerprint/erp-sales-d66c81e7f72f3d7d/dep-lib-erp_sales"
   0.134406917s  INFO prepare_target{force=false package_id=web-api v0.1.0 (/private/tmp/erp-domain-crate-10-sales/backend/apps/web-api) target="web_api"}: cargo::core::compiler::fingerprint:                FileTime { seconds: 1788749580, nanos: 348894473 } < FileTime { seconds: 1788749613, nanos: 423612346 }
   0.138435583s  INFO prepare_target{force=false package_id=web-api v0.1.0 (/private/tmp/erp-domain-crate-10-sales/backend/apps/web-api) target="web_api"}: cargo::core::compiler::fingerprint: fingerprint dirty for web-api v0.1.0 (/private/tmp/erp-domain-crate-10-sales/backend/apps/web-api)/Check { test: false }/TargetInner { name_inferred: true, ..: lib_target("web_api", ["lib"], "/private/tmp/erp-domain-crate-10-sales/backend/apps/web-api/src/lib.rs", Edition2021) }
   0.138451042s  INFO prepare_target{force=false package_id=web-api v0.1.0 (/private/tmp/erp-domain-crate-10-sales/backend/apps/web-api) target="web_api"}: cargo::core::compiler::fingerprint:     dirty: FsStatusOutdated(StaleDepFingerprint { unit: UnitIndex(154) })
   0.149583458s  INFO prepare_target{force=false package_id=database v0.1.0 (/private/tmp/erp-domain-crate-10-sales/backend/database) target="database"}: cargo::core::compiler::fingerprint: fingerprint dirty for database v0.1.0 (/private/tmp/erp-domain-crate-10-sales/backend/database)/Check { test: false }/TargetInner { name_inferred: true, ..: lib_target("database", ["lib"], "/private/tmp/erp-domain-crate-10-sales/backend/database/src/lib.rs", Edition2021) }
   0.149595542s  INFO prepare_target{force=false package_id=database v0.1.0 (/private/tmp/erp-domain-crate-10-sales/backend/database) target="database"}: cargo::core::compiler::fingerprint:     dirty: FsStatusOutdated(StaleDepFingerprint { unit: UnitIndex(154) })
   0.150426917s  INFO prepare_target{force=false package_id=entities v0.1.0 (/private/tmp/erp-domain-crate-10-sales/backend/entities) target="entities"}: cargo::core::compiler::fingerprint: fingerprint dirty for entities v0.1.0 (/private/tmp/erp-domain-crate-10-sales/backend/entities)/Check { test: false }/TargetInner { name_inferred: true, ..: lib_target("entities", ["lib"], "/private/tmp/erp-domain-crate-10-sales/backend/entities/src/lib.rs", Edition2021) }
   0.150432500s  INFO prepare_target{force=false package_id=entities v0.1.0 (/private/tmp/erp-domain-crate-10-sales/backend/entities) target="entities"}: cargo::core::compiler::fingerprint:     dirty: FsStatusOutdated(StaleDepFingerprint { unit: UnitIndex(154) })
   0.152940250s  INFO prepare_target{force=false package_id=erp-sales v0.1.0 (/private/tmp/erp-domain-crate-10-sales/backend/crates/erp-sales) target="erp_sales"}: cargo::core::compiler::fingerprint: fingerprint dirty for erp-sales v0.1.0 (/private/tmp/erp-domain-crate-10-sales/backend/crates/erp-sales)/Check { test: false }/TargetInner { name_inferred: true, ..: lib_target("erp_sales", ["lib"], "/private/tmp/erp-domain-crate-10-sales/backend/crates/erp-sales/src/lib.rs", Edition2021) }
   0.152945833s  INFO prepare_target{force=false package_id=erp-sales v0.1.0 (/private/tmp/erp-domain-crate-10-sales/backend/crates/erp-sales) target="erp_sales"}: cargo::core::compiler::fingerprint:     dirty: FsStatusOutdated(StaleItem(ChangedFile { reference: "/Volumes/Kingston/erp-domain-crate-10-final-sales-check/debug/.fingerprint/erp-sales-d66c81e7f72f3d7d/dep-lib-erp_sales", reference_mtime: FileTime { seconds: 1788749580, nanos: 348894473 }, stale: "/private/tmp/erp-domain-crate-10-sales/backend/crates/erp-sales/src/service/sales_order/command/identity.rs", stale_mtime: FileTime { seconds: 1788749613, nanos: 423612346 } }))
   0.153325167s  INFO prepare_target{force=false package_id=erp-processes v0.1.0 (/private/tmp/erp-domain-crate-10-sales/backend/crates/erp-processes) target="erp_processes"}: cargo::core::compiler::fingerprint: fingerprint dirty for erp-processes v0.1.0 (/private/tmp/erp-domain-crate-10-sales/backend/crates/erp-processes)/Check { test: false }/TargetInner { name_inferred: true, ..: lib_target("erp_processes", ["lib"], "/private/tmp/erp-domain-crate-10-sales/backend/crates/erp-processes/src/lib.rs", Edition2021) }
   0.153330250s  INFO prepare_target{force=false package_id=erp-processes v0.1.0 (/private/tmp/erp-domain-crate-10-sales/backend/crates/erp-processes) target="erp_processes"}: cargo::core::compiler::fingerprint:     dirty: FsStatusOutdated(StaleDepFingerprint { unit: UnitIndex(154) })
   0.153591958s  INFO prepare_target{force=false package_id=erp-read-models v0.1.0 (/private/tmp/erp-domain-crate-10-sales/backend/crates/erp-read-models) target="erp_read_models"}: cargo::core::compiler::fingerprint: fingerprint dirty for erp-read-models v0.1.0 (/private/tmp/erp-domain-crate-10-sales/backend/crates/erp-read-models)/Check { test: false }/TargetInner { name_inferred: true, ..: lib_target("erp_read_models", ["lib"], "/private/tmp/erp-domain-crate-10-sales/backend/crates/erp-read-models/src/lib.rs", Edition2021) }
   0.153596875s  INFO prepare_target{force=false package_id=erp-read-models v0.1.0 (/private/tmp/erp-domain-crate-10-sales/backend/crates/erp-read-models) target="erp_read_models"}: cargo::core::compiler::fingerprint:     dirty: FsStatusOutdated(StaleDepFingerprint { unit: UnitIndex(154) })
   0.153849458s  INFO prepare_target{force=false package_id=services v0.1.0 (/private/tmp/erp-domain-crate-10-sales/backend/services) target="services"}: cargo::core::compiler::fingerprint: fingerprint dirty for services v0.1.0 (/private/tmp/erp-domain-crate-10-sales/backend/services)/Check { test: false }/TargetInner { name_inferred: true, ..: lib_target("services", ["lib"], "/private/tmp/erp-domain-crate-10-sales/backend/services/src/lib.rs", Edition2021) }
   0.153853667s  INFO prepare_target{force=false package_id=services v0.1.0 (/private/tmp/erp-domain-crate-10-sales/backend/services) target="services"}: cargo::core::compiler::fingerprint:     dirty: FsStatusOutdated(StaleDepFingerprint { unit: UnitIndex(154) })
   0.156367917s  INFO prepare_target{force=false package_id=web-api v0.1.0 (/private/tmp/erp-domain-crate-10-sales/backend/apps/web-api) target="web-api"}: cargo::core::compiler::fingerprint: fingerprint dirty for web-api v0.1.0 (/private/tmp/erp-domain-crate-10-sales/backend/apps/web-api)/Check { test: false }/TargetInner { name: "web-api", doc: true, ..: with_path("/private/tmp/erp-domain-crate-10-sales/backend/apps/web-api/src/main.rs", Edition2021) }
   0.156373583s  INFO prepare_target{force=false package_id=web-api v0.1.0 (/private/tmp/erp-domain-crate-10-sales/backend/apps/web-api) target="web-api"}: cargo::core::compiler::fingerprint:     dirty: FsStatusOutdated(StaleDepFingerprint { unit: UnitIndex(154) })
    Checking erp-sales v0.1.0 (/private/tmp/erp-domain-crate-10-sales/backend/crates/erp-sales)
    Checking entities v0.1.0 (/private/tmp/erp-domain-crate-10-sales/backend/entities)
    Checking database v0.1.0 (/private/tmp/erp-domain-crate-10-sales/backend/database)
    Checking services v0.1.0 (/private/tmp/erp-domain-crate-10-sales/backend/services)
    Checking erp-read-models v0.1.0 (/private/tmp/erp-domain-crate-10-sales/backend/crates/erp-read-models)
    Checking erp-processes v0.1.0 (/private/tmp/erp-domain-crate-10-sales/backend/crates/erp-processes)
    Checking web-api v0.1.0 (/private/tmp/erp-domain-crate-10-sales/backend/apps/web-api)
      Timing report saved to /Volumes/Kingston/erp-domain-crate-10-final-sales-check/cargo-timings/cargo-timing-20260907T025333447Z-eecd458fd5fdd7ab.html
    Finished `dev` profile [unoptimized + debuginfo] target(s) in 5.38s
warning: the following packages contain code that will be rejected by a future version of Rust: proc-macro-error2 v2.0.1
note: to see what the problems were, use the option `--future-incompat-report`, or run `cargo report future-incompatibilities --id 1`
