{
  "scenario": "sales",
  "mode": "build",
  "revision": "candidate",
  "commit": "07da7863ec0fb975d2093e4e97a43c7e0813e607",
  "valid_samples": 5,
  "seconds": [
    13.096598332980648,
    13.104228165932,
    12.373870457988232,
    11.881180875003338,
    11.458864000043832
  ],
  "median_seconds": 12.373870457988232,
  "source_restored": true,
  "noop_all_business_units_fresh": true,
  "measurement_passed": true,
  "selected_package": "erp-sales",
  "probe_path": "crates/erp-sales/src/service/sales_order/command/identity.rs",
  "warmup_untimed": true,
  "restore_self_test": {
    "passed": true,
    "temporary_workspace": true,
    "simulated_failure_restored": true,
    "recovery_json_restore": true
  }
}
