{
  "scenario": "sales",
  "mode": "check",
  "revision": "candidate",
  "commit": "07da7863ec0fb975d2093e4e97a43c7e0813e607",
  "valid_samples": 5,
  "seconds": [
    5.02117800002452,
    5.022823708015494,
    5.1694387081079185,
    5.146804334013723,
    5.07699741597753
  ],
  "median_seconds": 5.07699741597753,
  "source_restored": true,
  "noop_all_business_units_fresh": true,
  "measurement_passed": true,
  "selected_package": "erp-sales",
  "probe_path": "crates/erp-sales/src/service/sales_order/command/identity.rs",
  "warmup_untimed": true,
  "restore_self_test": {
    "passed": true,
    "temporary_workspace": true,
    "simulated_failure_restored": true,
    "recovery_json_restore": true
  }
}
