   0.137379125s  INFO prepare_target{force=false package_id=web-api v0.1.0 (/private/tmp/erp-domain-crate-05-measure/backend/apps/web-api) target="web_api"}: cargo::core::compiler::fingerprint: stale: changed "/private/tmp/erp-domain-crate-05-measure/backend/crates/erp-customer/src/service/customer/profile/validation.rs"
   0.137392959s  INFO prepare_target{force=false package_id=web-api v0.1.0 (/private/tmp/erp-domain-crate-05-measure/backend/apps/web-api) target="web_api"}: cargo::core::compiler::fingerprint:           (vs) "/Volumes/Kingston/erp-domain-crate-05-target-customer-check/debug/.fingerprint/erp-customer-a6e3ddfef3589656/dep-lib-erp_customer"
   0.137395125s  INFO prepare_target{force=false package_id=web-api v0.1.0 (/private/tmp/erp-domain-crate-05-measure/backend/apps/web-api) target="web_api"}: cargo::core::compiler::fingerprint:                FileTime { seconds: 1788726531, nanos: 817171008 } < FileTime { seconds: 1788726537, nanos: 850957896 }
   0.141705167s  INFO prepare_target{force=false package_id=web-api v0.1.0 (/private/tmp/erp-domain-crate-05-measure/backend/apps/web-api) target="web_api"}: cargo::core::compiler::fingerprint: fingerprint dirty for web-api v0.1.0 (/private/tmp/erp-domain-crate-05-measure/backend/apps/web-api)/Check { test: false }/TargetInner { name_inferred: true, ..: lib_target("web_api", ["lib"], "/private/tmp/erp-domain-crate-05-measure/backend/apps/web-api/src/lib.rs", Edition2021) }
   0.141715250s  INFO prepare_target{force=false package_id=web-api v0.1.0 (/private/tmp/erp-domain-crate-05-measure/backend/apps/web-api) target="web_api"}: cargo::core::compiler::fingerprint:     dirty: FsStatusOutdated(StaleDepFingerprint { unit: UnitIndex(138) })
   0.152842292s  INFO prepare_target{force=false package_id=database v0.1.0 (/private/tmp/erp-domain-crate-05-measure/backend/database) target="database"}: cargo::core::compiler::fingerprint: fingerprint dirty for database v0.1.0 (/private/tmp/erp-domain-crate-05-measure/backend/database)/Check { test: false }/TargetInner { name_inferred: true, ..: lib_target("database", ["lib"], "/private/tmp/erp-domain-crate-05-measure/backend/database/src/lib.rs", Edition2021) }
   0.152848209s  INFO prepare_target{force=false package_id=database v0.1.0 (/private/tmp/erp-domain-crate-05-measure/backend/database) target="database"}: cargo::core::compiler::fingerprint:     dirty: FsStatusOutdated(StaleDepFingerprint { unit: UnitIndex(138) })
   0.153600084s  INFO prepare_target{force=false package_id=entities v0.1.0 (/private/tmp/erp-domain-crate-05-measure/backend/entities) target="entities"}: cargo::core::compiler::fingerprint: fingerprint dirty for entities v0.1.0 (/private/tmp/erp-domain-crate-05-measure/backend/entities)/Check { test: false }/TargetInner { name_inferred: true, ..: lib_target("entities", ["lib"], "/private/tmp/erp-domain-crate-05-measure/backend/entities/src/lib.rs", Edition2021) }
   0.153606875s  INFO prepare_target{force=false package_id=entities v0.1.0 (/private/tmp/erp-domain-crate-05-measure/backend/entities) target="entities"}: cargo::core::compiler::fingerprint:     dirty: FsStatusOutdated(StaleDepFingerprint { unit: UnitIndex(144) })
   0.155525459s  INFO prepare_target{force=false package_id=erp-customer v0.1.0 (/private/tmp/erp-domain-crate-05-measure/backend/crates/erp-customer) target="erp_customer"}: cargo::core::compiler::fingerprint: fingerprint dirty for erp-customer v0.1.0 (/private/tmp/erp-domain-crate-05-measure/backend/crates/erp-customer)/Check { test: false }/TargetInner { name_inferred: true, ..: lib_target("erp_customer", ["lib"], "/private/tmp/erp-domain-crate-05-measure/backend/crates/erp-customer/src/lib.rs", Edition2021) }
   0.155532084s  INFO prepare_target{force=false package_id=erp-customer v0.1.0 (/private/tmp/erp-domain-crate-05-measure/backend/crates/erp-customer) target="erp_customer"}: cargo::core::compiler::fingerprint:     dirty: FsStatusOutdated(StaleItem(ChangedFile { reference: "/Volumes/Kingston/erp-domain-crate-05-target-customer-check/debug/.fingerprint/erp-customer-a6e3ddfef3589656/dep-lib-erp_customer", reference_mtime: FileTime { seconds: 1788726531, nanos: 817171008 }, stale: "/private/tmp/erp-domain-crate-05-measure/backend/crates/erp-customer/src/service/customer/profile/validation.rs", stale_mtime: FileTime { seconds: 1788726537, nanos: 850957896 } }))
   0.156126167s  INFO prepare_target{force=false package_id=erp-processes v0.1.0 (/private/tmp/erp-domain-crate-05-measure/backend/crates/erp-processes) target="erp_processes"}: cargo::core::compiler::fingerprint: fingerprint dirty for erp-processes v0.1.0 (/private/tmp/erp-domain-crate-05-measure/backend/crates/erp-processes)/Check { test: false }/TargetInner { name_inferred: true, ..: lib_target("erp_processes", ["lib"], "/private/tmp/erp-domain-crate-05-measure/backend/crates/erp-processes/src/lib.rs", Edition2021) }
   0.156129917s  INFO prepare_target{force=false package_id=erp-processes v0.1.0 (/private/tmp/erp-domain-crate-05-measure/backend/crates/erp-processes) target="erp_processes"}: cargo::core::compiler::fingerprint:     dirty: FsStatusOutdated(StaleDepFingerprint { unit: UnitIndex(138) })
   0.156372209s  INFO prepare_target{force=false package_id=services v0.1.0 (/private/tmp/erp-domain-crate-05-measure/backend/services) target="services"}: cargo::core::compiler::fingerprint: fingerprint dirty for services v0.1.0 (/private/tmp/erp-domain-crate-05-measure/backend/services)/Check { test: false }/TargetInner { name_inferred: true, ..: lib_target("services", ["lib"], "/private/tmp/erp-domain-crate-05-measure/backend/services/src/lib.rs", Edition2021) }
   0.156375667s  INFO prepare_target{force=false package_id=services v0.1.0 (/private/tmp/erp-domain-crate-05-measure/backend/services) target="services"}: cargo::core::compiler::fingerprint:     dirty: FsStatusOutdated(StaleDepFingerprint { unit: UnitIndex(138) })
   0.156604917s  INFO prepare_target{force=false package_id=erp-read-models v0.1.0 (/private/tmp/erp-domain-crate-05-measure/backend/crates/erp-read-models) target="erp_read_models"}: cargo::core::compiler::fingerprint: fingerprint dirty for erp-read-models v0.1.0 (/private/tmp/erp-domain-crate-05-measure/backend/crates/erp-read-models)/Check { test: false }/TargetInner { name_inferred: true, ..: lib_target("erp_read_models", ["lib"], "/private/tmp/erp-domain-crate-05-measure/backend/crates/erp-read-models/src/lib.rs", Edition2021) }
   0.156608542s  INFO prepare_target{force=false package_id=erp-read-models v0.1.0 (/private/tmp/erp-domain-crate-05-measure/backend/crates/erp-read-models) target="erp_read_models"}: cargo::core::compiler::fingerprint:     dirty: FsStatusOutdated(StaleDepFingerprint { unit: UnitIndex(138) })
   0.159178834s  INFO prepare_target{force=false package_id=web-api v0.1.0 (/private/tmp/erp-domain-crate-05-measure/backend/apps/web-api) target="web-api"}: cargo::core::compiler::fingerprint: fingerprint dirty for web-api v0.1.0 (/private/tmp/erp-domain-crate-05-measure/backend/apps/web-api)/Check { test: false }/TargetInner { name: "web-api", doc: true, ..: with_path("/private/tmp/erp-domain-crate-05-measure/backend/apps/web-api/src/main.rs", Edition2021) }
   0.159182750s  INFO prepare_target{force=false package_id=web-api v0.1.0 (/private/tmp/erp-domain-crate-05-measure/backend/apps/web-api) target="web-api"}: cargo::core::compiler::fingerprint:     dirty: FsStatusOutdated(StaleDepFingerprint { unit: UnitIndex(138) })
    Checking erp-customer v0.1.0 (/private/tmp/erp-domain-crate-05-measure/backend/crates/erp-customer)
    Checking entities v0.1.0 (/private/tmp/erp-domain-crate-05-measure/backend/entities)
    Checking database v0.1.0 (/private/tmp/erp-domain-crate-05-measure/backend/database)
    Checking services v0.1.0 (/private/tmp/erp-domain-crate-05-measure/backend/services)
    Checking erp-processes v0.1.0 (/private/tmp/erp-domain-crate-05-measure/backend/crates/erp-processes)
    Checking erp-read-models v0.1.0 (/private/tmp/erp-domain-crate-05-measure/backend/crates/erp-read-models)
    Checking web-api v0.1.0 (/private/tmp/erp-domain-crate-05-measure/backend/apps/web-api)
      Timing report saved to /Volumes/Kingston/erp-domain-crate-05-target-customer-check/cargo-timings/cargo-timing-20260906T202857874Z-f2c683010b4d583c.html
    Finished `dev` profile [unoptimized + debuginfo] target(s) in 6.45s
warning: the following packages contain code that will be rejected by a future version of Rust: proc-macro-error2 v2.0.1
note: to see what the problems were, use the option `--future-incompat-report`, or run `cargo report future-incompatibilities --id 1`
