   0.333703292s  INFO prepare_target{force=false package_id=web-api v0.1.0 (/private/tmp/erp-domain-crate-05-measure/backend/apps/web-api) target="web-api"}: cargo::core::compiler::fingerprint: stale: changed "/private/tmp/erp-domain-crate-05-measure/backend/crates/erp-customer/src/service/customer/profile/validation.rs"
   0.333720208s  INFO prepare_target{force=false package_id=web-api v0.1.0 (/private/tmp/erp-domain-crate-05-measure/backend/apps/web-api) target="web-api"}: cargo::core::compiler::fingerprint:           (vs) "/Volumes/Kingston/erp-domain-crate-05-target-customer-build/debug/.fingerprint/erp-customer-319df4e610276819/dep-lib-erp_customer"
   0.333722500s  INFO prepare_target{force=false package_id=web-api v0.1.0 (/private/tmp/erp-domain-crate-05-measure/backend/apps/web-api) target="web-api"}: cargo::core::compiler::fingerprint:                FileTime { seconds: 1788726798, nanos: 195679103 } < FileTime { seconds: 1788726809, nanos: 627691325 }
   0.346003833s  INFO prepare_target{force=false package_id=web-api v0.1.0 (/private/tmp/erp-domain-crate-05-measure/backend/apps/web-api) target="web-api"}: cargo::core::compiler::fingerprint: fingerprint dirty for web-api v0.1.0 (/private/tmp/erp-domain-crate-05-measure/backend/apps/web-api)/Build/TargetInner { name: "web-api", doc: true, ..: with_path("/private/tmp/erp-domain-crate-05-measure/backend/apps/web-api/src/main.rs", Edition2021) }
   0.346014667s  INFO prepare_target{force=false package_id=web-api v0.1.0 (/private/tmp/erp-domain-crate-05-measure/backend/apps/web-api) target="web-api"}: cargo::core::compiler::fingerprint:     dirty: FsStatusOutdated(StaleDepFingerprint { unit: UnitIndex(136) })
   0.381383875s  INFO prepare_target{force=false package_id=database v0.1.0 (/private/tmp/erp-domain-crate-05-measure/backend/database) target="database"}: cargo::core::compiler::fingerprint: fingerprint dirty for database v0.1.0 (/private/tmp/erp-domain-crate-05-measure/backend/database)/Build/TargetInner { name_inferred: true, ..: lib_target("database", ["lib"], "/private/tmp/erp-domain-crate-05-measure/backend/database/src/lib.rs", Edition2021) }
   0.381396917s  INFO prepare_target{force=false package_id=database v0.1.0 (/private/tmp/erp-domain-crate-05-measure/backend/database) target="database"}: cargo::core::compiler::fingerprint:     dirty: FsStatusOutdated(StaleDepFingerprint { unit: UnitIndex(136) })
   0.383690542s  INFO prepare_target{force=false package_id=entities v0.1.0 (/private/tmp/erp-domain-crate-05-measure/backend/entities) target="entities"}: cargo::core::compiler::fingerprint: fingerprint dirty for entities v0.1.0 (/private/tmp/erp-domain-crate-05-measure/backend/entities)/Build/TargetInner { name_inferred: true, ..: lib_target("entities", ["lib"], "/private/tmp/erp-domain-crate-05-measure/backend/entities/src/lib.rs", Edition2021) }
   0.383695708s  INFO prepare_target{force=false package_id=entities v0.1.0 (/private/tmp/erp-domain-crate-05-measure/backend/entities) target="entities"}: cargo::core::compiler::fingerprint:     dirty: FsStatusOutdated(StaleDepFingerprint { unit: UnitIndex(142) })
   0.390933667s  INFO prepare_target{force=false package_id=erp-customer v0.1.0 (/private/tmp/erp-domain-crate-05-measure/backend/crates/erp-customer) target="erp_customer"}: cargo::core::compiler::fingerprint: fingerprint dirty for erp-customer v0.1.0 (/private/tmp/erp-domain-crate-05-measure/backend/crates/erp-customer)/Build/TargetInner { name_inferred: true, ..: lib_target("erp_customer", ["lib"], "/private/tmp/erp-domain-crate-05-measure/backend/crates/erp-customer/src/lib.rs", Edition2021) }
   0.390939375s  INFO prepare_target{force=false package_id=erp-customer v0.1.0 (/private/tmp/erp-domain-crate-05-measure/backend/crates/erp-customer) target="erp_customer"}: cargo::core::compiler::fingerprint:     dirty: FsStatusOutdated(StaleItem(ChangedFile { reference: "/Volumes/Kingston/erp-domain-crate-05-target-customer-build/debug/.fingerprint/erp-customer-319df4e610276819/dep-lib-erp_customer", reference_mtime: FileTime { seconds: 1788726798, nanos: 195679103 }, stale: "/private/tmp/erp-domain-crate-05-measure/backend/crates/erp-customer/src/service/customer/profile/validation.rs", stale_mtime: FileTime { seconds: 1788726809, nanos: 627691325 } }))
   0.393021333s  INFO prepare_target{force=false package_id=erp-processes v0.1.0 (/private/tmp/erp-domain-crate-05-measure/backend/crates/erp-processes) target="erp_processes"}: cargo::core::compiler::fingerprint: fingerprint dirty for erp-processes v0.1.0 (/private/tmp/erp-domain-crate-05-measure/backend/crates/erp-processes)/Build/TargetInner { name_inferred: true, ..: lib_target("erp_processes", ["lib"], "/private/tmp/erp-domain-crate-05-measure/backend/crates/erp-processes/src/lib.rs", Edition2021) }
   0.393025375s  INFO prepare_target{force=false package_id=erp-processes v0.1.0 (/private/tmp/erp-domain-crate-05-measure/backend/crates/erp-processes) target="erp_processes"}: cargo::core::compiler::fingerprint:     dirty: FsStatusOutdated(StaleDepFingerprint { unit: UnitIndex(136) })
   0.393440750s  INFO prepare_target{force=false package_id=services v0.1.0 (/private/tmp/erp-domain-crate-05-measure/backend/services) target="services"}: cargo::core::compiler::fingerprint: fingerprint dirty for services v0.1.0 (/private/tmp/erp-domain-crate-05-measure/backend/services)/Build/TargetInner { name_inferred: true, ..: lib_target("services", ["lib"], "/private/tmp/erp-domain-crate-05-measure/backend/services/src/lib.rs", Edition2021) }
   0.393444125s  INFO prepare_target{force=false package_id=services v0.1.0 (/private/tmp/erp-domain-crate-05-measure/backend/services) target="services"}: cargo::core::compiler::fingerprint:     dirty: FsStatusOutdated(StaleDepFingerprint { unit: UnitIndex(136) })
   0.393860375s  INFO prepare_target{force=false package_id=erp-read-models v0.1.0 (/private/tmp/erp-domain-crate-05-measure/backend/crates/erp-read-models) target="erp_read_models"}: cargo::core::compiler::fingerprint: fingerprint dirty for erp-read-models v0.1.0 (/private/tmp/erp-domain-crate-05-measure/backend/crates/erp-read-models)/Build/TargetInner { name_inferred: true, ..: lib_target("erp_read_models", ["lib"], "/private/tmp/erp-domain-crate-05-measure/backend/crates/erp-read-models/src/lib.rs", Edition2021) }
   0.393863833s  INFO prepare_target{force=false package_id=erp-read-models v0.1.0 (/private/tmp/erp-domain-crate-05-measure/backend/crates/erp-read-models) target="erp_read_models"}: cargo::core::compiler::fingerprint:     dirty: FsStatusOutdated(StaleDepFingerprint { unit: UnitIndex(136) })
   0.403405958s  INFO prepare_target{force=false package_id=web-api v0.1.0 (/private/tmp/erp-domain-crate-05-measure/backend/apps/web-api) target="web_api"}: cargo::core::compiler::fingerprint: fingerprint dirty for web-api v0.1.0 (/private/tmp/erp-domain-crate-05-measure/backend/apps/web-api)/Build/TargetInner { name_inferred: true, ..: lib_target("web_api", ["lib"], "/private/tmp/erp-domain-crate-05-measure/backend/apps/web-api/src/lib.rs", Edition2021) }
   0.403410250s  INFO prepare_target{force=false package_id=web-api v0.1.0 (/private/tmp/erp-domain-crate-05-measure/backend/apps/web-api) target="web_api"}: cargo::core::compiler::fingerprint:     dirty: FsStatusOutdated(StaleDepFingerprint { unit: UnitIndex(136) })
   Compiling erp-customer v0.1.0 (/private/tmp/erp-domain-crate-05-measure/backend/crates/erp-customer)
   Compiling entities v0.1.0 (/private/tmp/erp-domain-crate-05-measure/backend/entities)
   Compiling database v0.1.0 (/private/tmp/erp-domain-crate-05-measure/backend/database)
   Compiling services v0.1.0 (/private/tmp/erp-domain-crate-05-measure/backend/services)
   Compiling erp-read-models v0.1.0 (/private/tmp/erp-domain-crate-05-measure/backend/crates/erp-read-models)
   Compiling erp-processes v0.1.0 (/private/tmp/erp-domain-crate-05-measure/backend/crates/erp-processes)
   Compiling web-api v0.1.0 (/private/tmp/erp-domain-crate-05-measure/backend/apps/web-api)
      Timing report saved to /Volumes/Kingston/erp-domain-crate-05-target-customer-build/cargo-timings/cargo-timing-20260906T203329665Z-f2c683010b4d583c.html
    Finished `dev` profile [unoptimized + debuginfo] target(s) in 11.83s
warning: the following packages contain code that will be rejected by a future version of Rust: proc-macro-error2 v2.0.1
note: to see what the problems were, use the option `--future-incompat-report`, or run `cargo report future-incompatibilities --id 1`
