   0.372655584s  INFO prepare_target{force=false package_id=web-api v0.1.0 (/private/tmp/erp-domain-crate-10-sales/backend/apps/web-api) target="web-api"}: cargo::core::compiler::fingerprint: stale: changed "/private/tmp/erp-domain-crate-10-sales/backend/crates/erp-sales/src/service/sales_order/command/identity.rs"
   0.372672667s  INFO prepare_target{force=false package_id=web-api v0.1.0 (/private/tmp/erp-domain-crate-10-sales/backend/apps/web-api) target="web-api"}: cargo::core::compiler::fingerprint:           (vs) "/Volumes/Kingston/erp-domain-crate-10-final-sales-build/debug/.fingerprint/erp-sales-6b414b484ded9fc1/dep-lib-erp_sales"
   0.372674584s  INFO prepare_target{force=false package_id=web-api v0.1.0 (/private/tmp/erp-domain-crate-10-sales/backend/apps/web-api) target="web-api"}: cargo::core::compiler::fingerprint:                FileTime { seconds: 1788749812, nanos: 327743678 } < FileTime { seconds: 1788749824, nanos: 934059236 }
   0.384436584s  INFO prepare_target{force=false package_id=web-api v0.1.0 (/private/tmp/erp-domain-crate-10-sales/backend/apps/web-api) target="web-api"}: cargo::core::compiler::fingerprint: fingerprint dirty for web-api v0.1.0 (/private/tmp/erp-domain-crate-10-sales/backend/apps/web-api)/Build/TargetInner { name: "web-api", doc: true, ..: with_path("/private/tmp/erp-domain-crate-10-sales/backend/apps/web-api/src/main.rs", Edition2021) }
   0.384448792s  INFO prepare_target{force=false package_id=web-api v0.1.0 (/private/tmp/erp-domain-crate-10-sales/backend/apps/web-api) target="web-api"}: cargo::core::compiler::fingerprint:     dirty: FsStatusOutdated(StaleDepFingerprint { unit: UnitIndex(152) })
   0.420679042s  INFO prepare_target{force=false package_id=database v0.1.0 (/private/tmp/erp-domain-crate-10-sales/backend/database) target="database"}: cargo::core::compiler::fingerprint: fingerprint dirty for database v0.1.0 (/private/tmp/erp-domain-crate-10-sales/backend/database)/Build/TargetInner { name_inferred: true, ..: lib_target("database", ["lib"], "/private/tmp/erp-domain-crate-10-sales/backend/database/src/lib.rs", Edition2021) }
   0.420694875s  INFO prepare_target{force=false package_id=database v0.1.0 (/private/tmp/erp-domain-crate-10-sales/backend/database) target="database"}: cargo::core::compiler::fingerprint:     dirty: FsStatusOutdated(StaleDepFingerprint { unit: UnitIndex(152) })
   0.423099792s  INFO prepare_target{force=false package_id=entities v0.1.0 (/private/tmp/erp-domain-crate-10-sales/backend/entities) target="entities"}: cargo::core::compiler::fingerprint: fingerprint dirty for entities v0.1.0 (/private/tmp/erp-domain-crate-10-sales/backend/entities)/Build/TargetInner { name_inferred: true, ..: lib_target("entities", ["lib"], "/private/tmp/erp-domain-crate-10-sales/backend/entities/src/lib.rs", Edition2021) }
   0.423104667s  INFO prepare_target{force=false package_id=entities v0.1.0 (/private/tmp/erp-domain-crate-10-sales/backend/entities) target="entities"}: cargo::core::compiler::fingerprint:     dirty: FsStatusOutdated(StaleDepFingerprint { unit: UnitIndex(152) })
   0.432349959s  INFO prepare_target{force=false package_id=erp-sales v0.1.0 (/private/tmp/erp-domain-crate-10-sales/backend/crates/erp-sales) target="erp_sales"}: cargo::core::compiler::fingerprint: fingerprint dirty for erp-sales v0.1.0 (/private/tmp/erp-domain-crate-10-sales/backend/crates/erp-sales)/Build/TargetInner { name_inferred: true, ..: lib_target("erp_sales", ["lib"], "/private/tmp/erp-domain-crate-10-sales/backend/crates/erp-sales/src/lib.rs", Edition2021) }
   0.432355834s  INFO prepare_target{force=false package_id=erp-sales v0.1.0 (/private/tmp/erp-domain-crate-10-sales/backend/crates/erp-sales) target="erp_sales"}: cargo::core::compiler::fingerprint:     dirty: FsStatusOutdated(StaleItem(ChangedFile { reference: "/Volumes/Kingston/erp-domain-crate-10-final-sales-build/debug/.fingerprint/erp-sales-6b414b484ded9fc1/dep-lib-erp_sales", reference_mtime: FileTime { seconds: 1788749812, nanos: 327743678 }, stale: "/private/tmp/erp-domain-crate-10-sales/backend/crates/erp-sales/src/service/sales_order/command/identity.rs", stale_mtime: FileTime { seconds: 1788749824, nanos: 934059236 } }))
   0.433451292s  INFO prepare_target{force=false package_id=erp-processes v0.1.0 (/private/tmp/erp-domain-crate-10-sales/backend/crates/erp-processes) target="erp_processes"}: cargo::core::compiler::fingerprint: fingerprint dirty for erp-processes v0.1.0 (/private/tmp/erp-domain-crate-10-sales/backend/crates/erp-processes)/Build/TargetInner { name_inferred: true, ..: lib_target("erp_processes", ["lib"], "/private/tmp/erp-domain-crate-10-sales/backend/crates/erp-processes/src/lib.rs", Edition2021) }
   0.433455375s  INFO prepare_target{force=false package_id=erp-processes v0.1.0 (/private/tmp/erp-domain-crate-10-sales/backend/crates/erp-processes) target="erp_processes"}: cargo::core::compiler::fingerprint:     dirty: FsStatusOutdated(StaleDepFingerprint { unit: UnitIndex(152) })
   0.433946959s  INFO prepare_target{force=false package_id=erp-read-models v0.1.0 (/private/tmp/erp-domain-crate-10-sales/backend/crates/erp-read-models) target="erp_read_models"}: cargo::core::compiler::fingerprint: fingerprint dirty for erp-read-models v0.1.0 (/private/tmp/erp-domain-crate-10-sales/backend/crates/erp-read-models)/Build/TargetInner { name_inferred: true, ..: lib_target("erp_read_models", ["lib"], "/private/tmp/erp-domain-crate-10-sales/backend/crates/erp-read-models/src/lib.rs", Edition2021) }
   0.433950917s  INFO prepare_target{force=false package_id=erp-read-models v0.1.0 (/private/tmp/erp-domain-crate-10-sales/backend/crates/erp-read-models) target="erp_read_models"}: cargo::core::compiler::fingerprint:     dirty: FsStatusOutdated(StaleDepFingerprint { unit: UnitIndex(152) })
   0.434369417s  INFO prepare_target{force=false package_id=services v0.1.0 (/private/tmp/erp-domain-crate-10-sales/backend/services) target="services"}: cargo::core::compiler::fingerprint: fingerprint dirty for services v0.1.0 (/private/tmp/erp-domain-crate-10-sales/backend/services)/Build/TargetInner { name_inferred: true, ..: lib_target("services", ["lib"], "/private/tmp/erp-domain-crate-10-sales/backend/services/src/lib.rs", Edition2021) }
   0.434372875s  INFO prepare_target{force=false package_id=services v0.1.0 (/private/tmp/erp-domain-crate-10-sales/backend/services) target="services"}: cargo::core::compiler::fingerprint:     dirty: FsStatusOutdated(StaleDepFingerprint { unit: UnitIndex(152) })
   0.444298625s  INFO prepare_target{force=false package_id=web-api v0.1.0 (/private/tmp/erp-domain-crate-10-sales/backend/apps/web-api) target="web_api"}: cargo::core::compiler::fingerprint: fingerprint dirty for web-api v0.1.0 (/private/tmp/erp-domain-crate-10-sales/backend/apps/web-api)/Build/TargetInner { name_inferred: true, ..: lib_target("web_api", ["lib"], "/private/tmp/erp-domain-crate-10-sales/backend/apps/web-api/src/lib.rs", Edition2021) }
   0.444308584s  INFO prepare_target{force=false package_id=web-api v0.1.0 (/private/tmp/erp-domain-crate-10-sales/backend/apps/web-api) target="web_api"}: cargo::core::compiler::fingerprint:     dirty: FsStatusOutdated(StaleDepFingerprint { unit: UnitIndex(152) })
   Compiling erp-sales v0.1.0 (/private/tmp/erp-domain-crate-10-sales/backend/crates/erp-sales)
   Compiling entities v0.1.0 (/private/tmp/erp-domain-crate-10-sales/backend/entities)
   Compiling database v0.1.0 (/private/tmp/erp-domain-crate-10-sales/backend/database)
   Compiling services v0.1.0 (/private/tmp/erp-domain-crate-10-sales/backend/services)
   Compiling erp-read-models v0.1.0 (/private/tmp/erp-domain-crate-10-sales/backend/crates/erp-read-models)
   Compiling erp-processes v0.1.0 (/private/tmp/erp-domain-crate-10-sales/backend/crates/erp-processes)
   Compiling web-api v0.1.0 (/private/tmp/erp-domain-crate-10-sales/backend/apps/web-api)
      Timing report saved to /Volumes/Kingston/erp-domain-crate-10-final-sales-build/cargo-timings/cargo-timing-20260907T025704975Z-eecd458fd5fdd7ab.html
    Finished `dev` profile [unoptimized + debuginfo] target(s) in 13.62s
warning: the following packages contain code that will be rejected by a future version of Rust: proc-macro-error2 v2.0.1
note: to see what the problems were, use the option `--future-incompat-report`, or run `cargo report future-incompatibilities --id 1`
