   0.363901333s  INFO prepare_target{force=false package_id=web-api v0.1.0 (/private/tmp/erp-domain-crate-09-finance/backend/apps/web-api) target="web-api"}: cargo::core::compiler::fingerprint: stale: changed "/private/tmp/erp-domain-crate-09-finance/backend/crates/erp-finance/src/service/receivable/mapping.rs"
   0.363919708s  INFO prepare_target{force=false package_id=web-api v0.1.0 (/private/tmp/erp-domain-crate-09-finance/backend/apps/web-api) target="web-api"}: cargo::core::compiler::fingerprint:           (vs) "/Volumes/Kingston/erp-domain-crate-09-final-finance-build/debug/.fingerprint/erp-finance-316aa6ef0c1ab668/dep-lib-erp_finance"
   0.363921708s  INFO prepare_target{force=false package_id=web-api v0.1.0 (/private/tmp/erp-domain-crate-09-finance/backend/apps/web-api) target="web-api"}: cargo::core::compiler::fingerprint:                FileTime { seconds: 1788746465, nanos: 672498629 } < FileTime { seconds: 1788746476, nanos: 684830853 }
   0.374664292s  INFO prepare_target{force=false package_id=web-api v0.1.0 (/private/tmp/erp-domain-crate-09-finance/backend/apps/web-api) target="web-api"}: cargo::core::compiler::fingerprint: fingerprint dirty for web-api v0.1.0 (/private/tmp/erp-domain-crate-09-finance/backend/apps/web-api)/Build/TargetInner { name: "web-api", doc: true, ..: with_path("/private/tmp/erp-domain-crate-09-finance/backend/apps/web-api/src/main.rs", Edition2021) }
   0.374673042s  INFO prepare_target{force=false package_id=web-api v0.1.0 (/private/tmp/erp-domain-crate-09-finance/backend/apps/web-api) target="web-api"}: cargo::core::compiler::fingerprint:     dirty: FsStatusOutdated(StaleDepFingerprint { unit: UnitIndex(385) })
   0.412449667s  INFO prepare_target{force=false package_id=database v0.1.0 (/private/tmp/erp-domain-crate-09-finance/backend/database) target="database"}: cargo::core::compiler::fingerprint: fingerprint dirty for database v0.1.0 (/private/tmp/erp-domain-crate-09-finance/backend/database)/Build/TargetInner { name_inferred: true, ..: lib_target("database", ["lib"], "/private/tmp/erp-domain-crate-09-finance/backend/database/src/lib.rs", Edition2021) }
   0.412466625s  INFO prepare_target{force=false package_id=database v0.1.0 (/private/tmp/erp-domain-crate-09-finance/backend/database) target="database"}: cargo::core::compiler::fingerprint:     dirty: FsStatusOutdated(StaleDepFingerprint { unit: UnitIndex(145) })
   0.424821500s  INFO prepare_target{force=false package_id=erp-finance v0.1.0 (/private/tmp/erp-domain-crate-09-finance/backend/crates/erp-finance) target="erp_finance"}: cargo::core::compiler::fingerprint: fingerprint dirty for erp-finance v0.1.0 (/private/tmp/erp-domain-crate-09-finance/backend/crates/erp-finance)/Build/TargetInner { name_inferred: true, ..: lib_target("erp_finance", ["lib"], "/private/tmp/erp-domain-crate-09-finance/backend/crates/erp-finance/src/lib.rs", Edition2021) }
   0.424828958s  INFO prepare_target{force=false package_id=erp-finance v0.1.0 (/private/tmp/erp-domain-crate-09-finance/backend/crates/erp-finance) target="erp_finance"}: cargo::core::compiler::fingerprint:     dirty: FsStatusOutdated(StaleItem(ChangedFile { reference: "/Volumes/Kingston/erp-domain-crate-09-final-finance-build/debug/.fingerprint/erp-finance-316aa6ef0c1ab668/dep-lib-erp_finance", reference_mtime: FileTime { seconds: 1788746465, nanos: 672498629 }, stale: "/private/tmp/erp-domain-crate-09-finance/backend/crates/erp-finance/src/service/receivable/mapping.rs", stale_mtime: FileTime { seconds: 1788746476, nanos: 684830853 } }))
   0.425401083s  INFO prepare_target{force=false package_id=erp-processes v0.1.0 (/private/tmp/erp-domain-crate-09-finance/backend/crates/erp-processes) target="erp_processes"}: cargo::core::compiler::fingerprint: fingerprint dirty for erp-processes v0.1.0 (/private/tmp/erp-domain-crate-09-finance/backend/crates/erp-processes)/Build/TargetInner { name_inferred: true, ..: lib_target("erp_processes", ["lib"], "/private/tmp/erp-domain-crate-09-finance/backend/crates/erp-processes/src/lib.rs", Edition2021) }
   0.425405583s  INFO prepare_target{force=false package_id=erp-processes v0.1.0 (/private/tmp/erp-domain-crate-09-finance/backend/crates/erp-processes) target="erp_processes"}: cargo::core::compiler::fingerprint:     dirty: FsStatusOutdated(StaleDepFingerprint { unit: UnitIndex(385) })
   0.425899458s  INFO prepare_target{force=false package_id=erp-read-models v0.1.0 (/private/tmp/erp-domain-crate-09-finance/backend/crates/erp-read-models) target="erp_read_models"}: cargo::core::compiler::fingerprint: fingerprint dirty for erp-read-models v0.1.0 (/private/tmp/erp-domain-crate-09-finance/backend/crates/erp-read-models)/Build/TargetInner { name_inferred: true, ..: lib_target("erp_read_models", ["lib"], "/private/tmp/erp-domain-crate-09-finance/backend/crates/erp-read-models/src/lib.rs", Edition2021) }
   0.425903917s  INFO prepare_target{force=false package_id=erp-read-models v0.1.0 (/private/tmp/erp-domain-crate-09-finance/backend/crates/erp-read-models) target="erp_read_models"}: cargo::core::compiler::fingerprint:     dirty: FsStatusOutdated(StaleDepFingerprint { unit: UnitIndex(385) })
   0.426374333s  INFO prepare_target{force=false package_id=services v0.1.0 (/private/tmp/erp-domain-crate-09-finance/backend/services) target="services"}: cargo::core::compiler::fingerprint: fingerprint dirty for services v0.1.0 (/private/tmp/erp-domain-crate-09-finance/backend/services)/Build/TargetInner { name_inferred: true, ..: lib_target("services", ["lib"], "/private/tmp/erp-domain-crate-09-finance/backend/services/src/lib.rs", Edition2021) }
   0.426378000s  INFO prepare_target{force=false package_id=services v0.1.0 (/private/tmp/erp-domain-crate-09-finance/backend/services) target="services"}: cargo::core::compiler::fingerprint:     dirty: FsStatusOutdated(StaleDepFingerprint { unit: UnitIndex(119) })
   0.436641458s  INFO prepare_target{force=false package_id=web-api v0.1.0 (/private/tmp/erp-domain-crate-09-finance/backend/apps/web-api) target="web_api"}: cargo::core::compiler::fingerprint: fingerprint dirty for web-api v0.1.0 (/private/tmp/erp-domain-crate-09-finance/backend/apps/web-api)/Build/TargetInner { name_inferred: true, ..: lib_target("web_api", ["lib"], "/private/tmp/erp-domain-crate-09-finance/backend/apps/web-api/src/lib.rs", Edition2021) }
   0.436645375s  INFO prepare_target{force=false package_id=web-api v0.1.0 (/private/tmp/erp-domain-crate-09-finance/backend/apps/web-api) target="web_api"}: cargo::core::compiler::fingerprint:     dirty: FsStatusOutdated(StaleDepFingerprint { unit: UnitIndex(385) })
   Compiling erp-finance v0.1.0 (/private/tmp/erp-domain-crate-09-finance/backend/crates/erp-finance)
   Compiling database v0.1.0 (/private/tmp/erp-domain-crate-09-finance/backend/database)
   Compiling services v0.1.0 (/private/tmp/erp-domain-crate-09-finance/backend/services)
   Compiling erp-read-models v0.1.0 (/private/tmp/erp-domain-crate-09-finance/backend/crates/erp-read-models)
   Compiling erp-processes v0.1.0 (/private/tmp/erp-domain-crate-09-finance/backend/crates/erp-processes)
   Compiling web-api v0.1.0 (/private/tmp/erp-domain-crate-09-finance/backend/apps/web-api)
      Timing report saved to /Volumes/Kingston/erp-domain-crate-09-final-finance-build/cargo-timings/cargo-timing-20260907T020116723Z-c43098a106c8825d.html
    Finished `dev` profile [unoptimized + debuginfo] target(s) in 10.10s
warning: the following packages contain code that will be rejected by a future version of Rust: proc-macro-error2 v2.0.1
note: to see what the problems were, use the option `--future-incompat-report`, or run `cargo report future-incompatibilities --id 1`
